afghanistan
akron
albania
albuquerque
algeria
american samoa
anaheim
anchorage
andorra
angeles
angola
anguilla
antarctic lands
antarctica
antigua
antigua and barbuda
antonio
argentina
arlington
armenia
aruba
ashmore and cartier islands
ashmore islands
atlanta
aurora
austin
australia
austria
azerbaijan
bahamas
bahrain
baker island
bakersfield
baltimore
bangladesh
barbados
barbuda
bassas da india
belarus
belgium
belize
benin
bermuda
bernardino
bhutan
birmingham
bolivia
borneo
bosnia
bosnia and herzegovina
bosnia herzegovina
boston
botswana
bouvet island
brazil
britain
british indian ocean territory
british virgin islands
brunei
buffalo
bulgaria
burkina faso
burma
burundi
caicos islands
cambodia
cameroon
canada
cape verde
cartier islands
cayman islands
central african republic
chad
chandler
charlotte
chesapeake
chicago
chile
china
christmas island
chula vista
cincinnati
city
cleveland
clipperton
clipperton island
cocos
colombia
colorado
columbus
comoros
congo
cook islands
coral sea islands
costa rica
cote d 'ivoire
croatia
cuba
cyprus
czech republic
czechoslovakia
dallas
democratic republic of the congo
denmark
denver
detroit
diego
djibouti
dominica
dominican republic
durham
east timor
ecuador
egypt
el paso
el salvador
england
equatorial guinea
eritrea
estonia
ethiopia
europa island
european union
falkland islands
faroe islands
federated states of micronesia
fiji
finland
former yugoslav republic of macedonia
fort
france
francisco
fremont
french guiana
french polynesia
french southern
french southern and antarctic lands
fresno
frg
gabon
gambia
garland
georgia
germany
ghana
gibraltar
glendale
glorioso
glorioso islands
greece
greenland
greensboro
grenadan
guadeloupe
guam
guatemala
guernsey
guinea
guinea-bissau
guyana
haiti
heard island
heard island and mcdonald islands
hempstead
henderson
herzegovina
hialeah
holland
holy see
honduras
hong kong
honolulu
houston
howland island
hungary
iceland
india
indianapolis
indonesia
iran
iraq
ireland
islas malvinas
isle of man
israel
italy
ivory coast
jacksonville
jamaica
jan mayen
japan
jarvis island
jersey
johnston atoll
jordan
juan de nova island
kansas
kazakhstan
keeling islands
kenya
kingman reef
kiribati
korea
kuwait
kyrgyzstan
laos
laredo
las
latvia
lebanon
lesotho
lexington-fayette
liberia
libya
liechtenstein
lincoln
lithuania
los
lubbock
luxembourg
macau
macedonia
madagascar
madison
malawi
malaysia
maldives
mali
malta
man , isle of
marshall islands
martinique
mauritania
mauritius
mayotte
mcdonald islands
memphis
mesa
mexico
miami
micronesia
midway islands
milwaukee
minneapolis
modesto
moldova
monaco
mongolia
montenegro
montgomery
montserrat
morocco
mozambique
myanmar
namibia
nashville-davidson
nauru
navassa island
nepal
netherlands
netherlands antilles
nevis
new caledonia
new guinea
new york
new zealand
newark
nicaragua
niger
nigeria
niue
norfolk
norfolk island
north korea
north vietnam
northern mariana islands
norway
oakland
oklahoma
omaha
oman
orlando
orleans
pakistan
palau
palestine
palmyra atoll
panama
papua
papua new guinea
paracel islands
paraguay
people republic of china
persia
peru
petersburg
philadelphia
philippines
phoenix
pitcairn islands
pittsburgh
plano
poland
portland
portugal
prc
puerto rico
qatar
raleigh
reno
republic of chile
republic of the congo
reunion
riverside
rochester
romania
russia
rwanda
sacramento
saint helena
saint kitts
saint kitts and nevis
saint lucia
saint pierre and miquelon
saint vincent and the grenadines
samoa
san
san marino
santa
sao tome and principe
saudi arabia
scottsdale
seattle
senegal
serbia
serbia and montenegro
seychelles
shreveport
sierra leone
singapore
slovakia
slovenia
solomon islands
somalia
south africa
south georgia
south georgia and the south sandwich islands
south korea
south sandwich isklands
south sandwich islands
south vietnam
soviet
soviet union
spain
spratly islands
sri lanka
stockton
sudan
suriname
svalbard
swaziland
sweden
switzerland
syria
taiwan
tajikistan
tampa
tanzania
thailand
tibet
tobago
togo
tokelau
toledo
tonga
trinidad
trinidad and tobago
tromelin island
tucson
tulsa
tunisia
turkey
turkmenistan
turks
turks and caicos islands
tuvalu
u.k
u.k.
u.s
u.s.
u.s.a
u.s.a.
uganda
uk
ukraine
united arab emirates
united kingdom
united states
united states of america
uruguay
us
usa
ussr
uzbekistan
vanuatu
vatican
vatican city
vegas
venezuela
vietnam
virgin islands
virginia
wake island
wales
wallis and futuna
washington
western sahara
wichita
worth
yemen
yugoslav republic of macedonia
yugoslavia
zaire
zambia
zimbabwe