&
zimmermann
liepmann
ai
ang
ao
ba
bai
ban
bang
bao
bei
ben
beng
bi
bian
biao
bie
bin
bing
bo
bu
ca
cai
can
cang
cao
ce
cen
ceng
cha
chai
chan
chang
chao
che
chen
cheng
chi
chong
chou
chu
chua
chuai
chuan
chuang
chui
chun
chuo
ci
cong
cou
cu
cuan
cui
cun
cuo
da
dai
dan
dang
dao
de
dei
den
deng
di
dia
dian
diao
die
ding
diu
dong
dou
du
duan
dui
dun
duo
en
eng
er
fa
fan
fang
fei
fen
feng
fiao
fo
fou
fu
ga
gai
gan
gang
gao
ge
gei
gen
geng
gong
gou
gu
gua
guai
guan
guang
gui
gun
guo
ha
hai
han
hang
hao
he
hei
hen
heng
hong
hou
hu
hua
huai
huan
huang
hui
hun
huo
ji
jia
jian
jiang
jiao
jie
jin
jing
jiong
jiu
ju
juan
jue
ka
kai
kan
kang
kao
ke
ken
keng
kong
kou
ku
kua
kuai
kuan
kuang
kui
kun
kuo
la
lai
lan
lang
lao
le
lei
leng
li
lia
lian
liang
liao
lie
lin
ling
liu
long
lou
lu
luan
lun
luo
lv
lve
ma
mai
man
mang
mao
me
mei
men
meng
mi
mian
miao
mie
min
ming
miu
mo
mou
mu
na
nai
nan
nang
nao
ne
nei
nen
neng
ni
nian
niang
niao
nie
nin
ning
niu
nong
nou
nu
nuan
nun
nuo
nv
nve
ou
pa
pai
pan
pang
pao
pei
pen
peng
pi
pian
piao
pie
pin
ping
po
pou
pu
qi
qia
qian
qiang
qiao
qie
qin
qing
qiong
qiu
qu
quan
que
qun
ran
rang
rao
re
ren
reng
ri
rong
rou
ru
rua
ruan
rui
run
ruo
sa
sai
san
sang
sao
se
sen
seng
sha
shai
shan
shang
shao
she
shei
shen
sheng
shi
shou
shu
shua
shuai
shuan
shuang
shui
shun
shuo
si
song
sou
su
suan
sui
sun
suo
ta
tai
tan
tang
tao
te
tei
teng
ti
tian
tiao
tie
ting
tong
tou
tu
tuan
tui
tun
tuo
wa
wai
wan
wang
wei
wen
weng
wo
wu
xi
xia
xian
xiang
xiao
xie
xin
xing
xiong
xiu
xu
xuan
xue
xun
ya
yan
yang
yao
ye
yi
yin
ying
yo
yong
you
yu
yuan
yue
yun
za
zai
zan
zang
zao
ze
zei
zen
zeng
zha
zhai
zhan
zhang
zhao
zhe
zhei
zhen
zheng
zhi
zhong
zhou
zhu
zhua
zhuai
zhuan
zhuang
zhui
zhun
zhuo
zi
zong
zou
zu
zuan
zui
zun
zuo
aalto
aaron
abbey
abbie
abbott
abby
abdoo
abdul
abe
abel
abercrombie
abernathy
abigail
abraham
abram
achebe
ackerman
ackles
ackroyd
acuff
ada
adah
adalberto
adaline
adam
adams
adan
addams
adderley
addie
addison
adela
adelaida
adelaide
adele
adelia
adelina
adeline
adell
adella
adelle
adena
adenauer
adina
adolfo
adolph
adria
adrian
adriana
adriane
adrianna
adrianne
adriano
adrien
adriene
adrienne
affleck
afton
agassi
agatha
agee
agnes
agnew
agnus
agripina
agueda
aguilera
aguirre
agustin
agustina
ahmad
ahmed
ahn
ai
aida
aide
aiello
aikman
aiko
aileen
ailene
ailey
aimee
aisha
aja
akenside
akerson
akiko
akilah
akins
akiyuki
al
alaina
alaine
alan
alana
alane
alanna
alayna
alba
albee
alberghetti
albert
alberta
albertha
alberti
albertina
albertine
alberto
albertson
albina
albom
albright
alcott
alda
alden
aldinger
aldo
aldrich
aldrin
alease
alec
alecia
aleen
aleichem
aleida
aleisha
aleixandre
alejandra
alejandrina
alejandro
alena
alene
alesha
aleshia
alesia
alessandra
aleta
aletha
alethea
alethia
alex
alexa
alexakis
alexander
alexandra
alexandria
alexia
alexis
alfonso
alfonzo
alfred
alfreda
alfredia
alfredo
alfven
alger
ali
alia
alica
alice
alicia
alida
alighieri
alina
aline
alisa
alise
alisha
alishia
alisia
alison
alissa
alita
alix
aliza
alla
allaire
allan
alleen
allegra
allen
allena
allende
allene
alley
allie
alline
allingham
allison
allman
allyn
allyson
alma
almeda
almeida
almeta
alona
alonso
alonzo
alpert
alpha
alphonse
alphonso
alta
altagracia
altha
althea
altman
alton
alva
alvarado
alvarez
alvaro
alvera
alverta
alvin
alvina
alyce
alycia
alysa
alyse
alysha
alysia
alyson
alyssa
amada
amado
amal
amalia
amanda
amber
amberly
ambrose
ameche
amee
amelia
america
ames
ami
amick
amie
amiee
amiel
amina
amira
amis
ammie
amos
amparo
amsterdam
amundsen
amy
ana
anabel
analisa
anamaria
anastacia
anastasia
andera
andersen
anderson
andersson
andra
andrade
andre
andrea
andreas
andree
andres
andress
andretti
andrew
andrews
andria
andy
anette
angel
angela
angele
angelena
angeles
angelia
angelic
angelica
angelika
angelina
angeline
angelique
angelita
angella
angelo
angelou
angelyn
angie
angila
angla
anglea
anh
anibal
anika
anisa
anisha
anissa
aniston
anita
anitra
anja
anjanette
anjelica
anka
ann
anna
annabel
annabell
annabelle
annalee
annalisa
annamae
annamaria
annamarie
annan
anne
anneliese
annelle
annemarie
annett
annetta
annette
annice
annie
annika
annis
annita
annmarie
ant
anthony
antione
antionette
antoine
antoinette
anton
antone
antonetta
antonette
antonia
antonietta
antonina
antonio
antony
antwan
anya
apolonia
apostle
apple
applegate
appleton
april
apryl
aquino
ara
araceli
aracelis
aracely
arafat
arbuckle
arc
arcelia
archibald
archie
ardath
ardelia
ardell
ardella
ardelle
arden
ardenne
ardis
ardith
arenado
aretha
argelia
argentina
argyle
ariana
ariane
arianna
arianne
arias
arica
arie
ariel
arielle
ark
arkin
arkwright
arla
arlean
arleen
arlen
arlena
arlene
arletha
arletta
arlette
arlie
arlinda
arline
arlyne
armand
armanda
armandina
armando
armani
armida
arminda
armstrong
arnaz
arness
arnetta
arnette
arnita
arnold
arnoldo
arnulfo
aron
arquette
arron
arthur
artie
arturo
arvilla
arvizu
asa
asha
ashanti
ashe
ashely
ashlea
ashlee
ashleigh
ashley
ashli
ashlie
ashly
ashlyn
ashton
asia
asimov
asley
asner
assimov
assunta
astaire
astin
astrid
asturias
asuncion
athena
atherton
atkins
atkinson
atlas
attenborough
atwood
auberjonois
aubrey
audie
audra
audrea
audrey
audria
audrie
audry
audubon
august
augusta
augustina
augustine
augustus
aundrea
aura
aurea
aurelia
aurelio
aurelius
aurora
aurore
austen
austin
austria
authorship
autry
autumn
ava
avalon
avelina
avery
avicena
avis
avril
awilda
ayako
ayana
ayanna
ayer
ayesha
aykroyd
ayres
ayumi
azalee
azaria
azucena
azzie
azzopardi
babara
babbage
babette
babington
bacall
bach
bacharach
bachchan
backus
bacon
baden
baez
bagby
bagley
bailey
bainbridge
baio
bairstow
baiul
baker
bakke
bakker
bakula
balanchine
balboa
baldwin
bale
balin
balk
ball
ballard
ballesteros
ballmer
balsam
bambi
bancroft
banderas
bangs
banks
banneker
bannister
banville
bao
barabara
barb
barbakow
barbar
barbara
barbauld
barbeau
barber
barbera
barbie
barbra
barca
bardeen
bardot
bari
baring
barker
barkin
barkla
barkley
barlow
barnes
barney
barnfield
barnholt
barnum
baroja
barr
barrett
barrie
barrington
barry
barrymore
bart
bartas
bartok
barton
barty
baryshnikov
basco
bashford
basie
basil
basilia
basinger
basov
bass
bassett
bassey
basteri
bateman
bates
battenberg
baum
bawden
baxter
bayly
bea
beals
bean
beardsley
beata
beatrice
beatris
beatriz
beattie
beatty
beau
beauchamp
beaulah
beaumont
bebe
beck
becker
beckett
becki
beckie
becky
becquerel
bedelia
bedford
bednorz
bee
beek
beers
beethoven
beggs
begin
begley
behan
beiderbecke
belafonte
belda
belen
belia
belinda
belkis
bell
bella
bellamy
belle
belli
bellinghausen
bellow
belmondo
belushi
belva
ben
benacerraf
benatar
bench
benchley
bendix
benedict
bening
benita
benito
benjamin
benmosche
bennett
bennetts
bennie
benny
benserade
benson
bentley
bentonkasey
berendt
berenice
bergen
berger
bergeron
bergman
berkeley
berkley
berle
berlin
berlioz
berman
berna
bernadette
bernadine
bernard
bernarda
bernardi
bernardina
bernardine
bernardo
berneice
bernetta
bernhard
bernhardt
bernice
bernie
berniece
bernita
bernsen
bernstein
berra
berry
bert
berta
bertha
berthiaume
bertie
bertinelli
bertolucci
bertram
beryl
bess
bessie
beth
betha
bethanie
bethann
bethany
bethe
bethel
bethune
betsey
betsy
bette
bettie
bettina
betty
bettyann
bettye
beula
beulah
bev
beverlee
beverley
beverly
bezos
bialik
bianca
bibi
bible
bickerstaff
biel
bierce
biggs
bikel
bill
billi
billie
billingsley
billy
billye
bingham
binnig
birch
bird
birdie
birgit
bishop
bisset
bixby
bizet
black
blackett
blackmore
blackstone
blackwood
blaine
blair
blake
blanc
blanca
blanch
blanchard
blanche
blanchett
blatty
bledsoe
bleeth
bleustein
blige
blinston
bloch
blocker
bloembergen
blondell
bloom
blossom
blue
blume
bly
blystone
blyth
blythe
bo
boadicea
bob
bobbi
bobbie
bobby
bobbye
bobek
bobette
bocelli
bochco
bogarde
bogart
bogdanovich
bohannon
bohr
bok
boker
bolger
bolinger
bolivar
bollenbach
bolton
bombeck
bonaparte
bond
bonds
boner
bonet
bong
bonham
bonita
bonnie
bonny
bono
bonsignore
booker
boone
booth
borden
boreanaz
borg
borge
borges
borgnine
boris
borman
born
bosanquet
boscia
bosley
bothe
bottoms
bourdillon
bovender
bow
bowen
bowie
boxleitner
boyce
boyd
boydstun
boyer
boys
bracco
bracken
brad
bradbury
bradford
bradlee
bradley
bradly
brady
bragg
brahms
braille
brain
brainard
bramston
branagh
branda
brande
brandee
brandeis
branden
brandi
brandie
brandis
brando
brandon
brandy
brant
brasselle
braun
braunbeck
brautigan
breana
breann
breanna
breanne
brecht
bree
brenda
brendan
brendon
brendsel
brenna
brennan
brenner
brent
brenton
brereton
breslin
bret
brett
brewer
brian
briana
brianna
brianne
brice
bricker
bridges
bridget
bridgett
bridgette
bridgman
brigette
bright
brigid
brigida
brigitte
brimley
brinda
brink
brinkley
britany
britney
britni
britt
britta
brittaney
brittani
brittanie
brittany
britten
britteny
brittney
brittni
brittny
broadhead
brock
brockhouse
broderick
broglie
brokaw
bromley
bronson
bronster
bronte
bronwyn
brook
brooke
brookner
brooks
brosnan
brothers
brough
brown
browne
brownell
browning
brubeck
bruce
bruna
bruneau
brunell
brunetti
brunilda
bruno
brust
bryan
bryanna
bryant
bryce
brynn
brynner
bryon
bryson
buchanan
buchwald
buck
bucke
buckingham
buckley
bud
buddy
buena
buffett
buffy
buford
bujold
bukowski
bula
bulah
bullock
bulwer
bunche
bunn
bunner
bunny
bunton
bunyan
buonarroti
burbank
burd
bure
buren
burg
burger
burgess
burghoff
burke
burl
burma
burnand
burner
burnes
burnett
burnham
burnquist
burns
burr
burrell
burroughs
burstyn
burt
burton
buscaglia
busch
busey
bush
bustamante
buster
butkus
butler
button
buttons
buttram
butts
buzzi
byatt
byington
bynes
byrnes
byrom
byron
caan
cacek
cadogan
caen
caesar
cage
cagney
cain
caine
caitlin
caitlyn
cajal
calandra
calarco
calder
caleb
calhoun
calista
call
callas
calles
callie
calloway
calverley
calvin
camacho
camelia
camellia
cameron
cami
camie
camila
camilla
camille
cammie
cammy
campanella
campbell
candace
candance
candelaria
candi
candice
candida
candie
candis
candra
candy
candyce
canning
cannon
canseco
cantrell
capablanca
capellas
capone
capote
capp
capps
capra
capriati
caprice
capshaw
cara
caray
cardin
cardinale
caren
carew
carey
cari
caridad
carie
carin
carina
carisa
carissa
carita
carl
carla
carlee
carleen
carlena
carlene
carleton
carletta
carley
carli
carlie
carlin
carline
carlisle
carlita
carlo
carlos
carlota
carlotta
carlson
carlton
carly
carlyle
carlyn
carma
carman
carmel
carmela
carmelia
carmelina
carmelita
carmella
carmelo
carmen
carmichael
carmina
carmine
carmon
carnegie
carnes
carney
carol
carola
carolann
carole
carolee
carolin
carolina
caroline
caroll
carolyn
carolyne
carolynn
caron
caroyln
carp
carpenter
carr
carradine
carre
carrera
carreras
carrere
carrey
carri
carrie
carrion
carrol
carroll
carry
carson
carter
carteris
cartwright
carty
caruso
carver
carvey
cary
caryl
carylon
caryn
casady
casals
casandra
casas
casey
caseys
cash
casie
casimira
cass
cassandra
cassat
cassaundra
cassell
cassey
cassi
cassidy
cassie
cassini
cassondra
cassy
castille
castro
catalina
catarina
catell
caterina
cates
catharine
cather
catherin
catherina
catherine
cathern
catheryn
cathey
cathi
cathie
cathleen
cathrine
cathryn
cathy
catina
catrice
catrina
cattermole
catton
cavanaugh
cavazos
cave
cavett
cawein
cayla
cayne
cecala
cecelia
cecil
cecila
cecile
cecilia
cecille
cecily
cedric
cedrick
cela
celena
celesta
celeste
celestina
celestine
celia
celina
celinda
celine
celsa
ceola
cervantes
cesar
cezanne
chabert
chabon
chabraja
chad
chadwick
chae
chahrour
chamberlain
chambers
chamillard
chamrond
chan
chana
chance
chancellor
chanda
chandler
chandra
chandrasekhar
chanel
chanell
chanelle
chaney
chang
channing
chantal
chantay
chante
chantel
chantell
chantelle
chao
chapin
chaplin
chapman
chara
charis
charise
charissa
charisse
charita
charity
charla
charleen
charlena
charlene
charles
charlesetta
charlette
charley
charlie
charline
charlott
charlotte
charlsie
charlyn
charmain
charmaine
charolette
charron
charvet
chas
chase
chasez
chasidy
chasity
chassidy
chastity
chatwin
chau
chaucer
chauncey
chavez
chaya
checker
chellgren
chelsea
chelsey
chelsie
chen
chenault
cheney
cher
chere
cheree
cherelle
cherenkov
cheri
cherie
cherilyn
cherise
cherish
cherly
cherlyn
cherri
cherrie
cherry
cherryl
chery
cheryl
cheryle
cheryll
chesnutt
chester
chesterton
chet
chevalier
cheyenne
chi
chia
chicks
chieko
child
chin
china
ching
chiquita
chisato
chisholm
chivers
chizen
chloe
chlumsky
choate
chong
chopin
chorley
chrichton
chris
chrissy
christa
christal
christeen
christel
christen
christena
christene
christensen
christi
christia
christian
christiana
christiane
christie
christin
christina
christine
christinia
christoper
christopher
christy
chrystal
chu
chuck
chun
chung
church
churchill
ciara
cibber
ciccone
cicely
ciera
cierra
cierva
cinda
cinderella
cindi
cindie
cindy
cinthia
cira
cisneros
claflin
clair
claire
clancy
clapton
clara
clare
clarence
claretha
claretta
claribel
clarice
clarinda
clarine
claris
clarisa
clarissa
clarita
clark
clarke
classie
claud
claude
claudette
claudia
claudie
claudine
claudio
clavell
clay
clayburgh
clayton
cleaver
cleese
clelia
clemencia
clemens
clement
clemente
clementina
clementine
clemmie
cleo
cleopatra
cleora
cleotilde
cleta
cletus
cleveland
cliburn
cliff
clifford
clift
clifton
cline
clint
clinton
clooney
clora
clorinda
close
clotilde
clough
clues
clyde
cobain
cobb
coburn
coca
cochran
cochrane
cockcroft
cocker
cocteau
codi
cody
coelho
coetzee
coffman
cohan
cohen
coke
colavito
colbert
colby
cold
cole
coleen
coleman
colene
coleridge
coles
colesworthy
coletta
colette
colin
colleen
collen
collene
collette
collin
collins
collinsworth
collyer
colman
colton
coltrane
columbus
comaneci
combs
como
compton
conant
conaway
concepcion
conception
concetta
concha
conchita
condit
condra
conger
congreve
connections
conners
connery
connick
connie
connolly
connor
connors
conrad
conreid
conried
constance
constant
consuela
consuelo
contessa
convy
conway
coogan
cook
cooke
coolidge
cooper
copernicus
copland
copperfield
coppola
cora
coral
coralee
coralie
corazon
corbett
corbusier
cordelia
cordell
cordia
cordie
corea
coreen
corene
coretta
corey
cori
corie
corina
corine
corinna
corinne
corliss
corman
cormier
cornelia
cornelius
cornell
cornwall
cornwell
coronado
corr
correll
corrie
corrigan
corrin
corrina
corrine
corrinne
cort
cortez
cortney
cory
cosby
cosell
cosgrove
costas
costello
costilla
costner
cote
cotros
cotsakos
cotten
cotton
coulier
couric
courier
courtenay
courteney
courtney
cousteau
coviello
coward
cowley
cowper
cox
coy
crabbe
crace
craig
craik
crain
cranch
crane
crashaw
crawford
creech
crenna
crenshaw
creola
crichton
cris
criselda
criss
crissy
crista
cristal
cristen
cristi
cristie
cristin
cristina
cristine
cristobal
cristopher
cristy
critelli
crockett
cromwell
cronin
cronkite
cronyn
crosby
cross
crothers
crow
crowe
cruise
cruz
crysta
crystal
crystle
cuc
cugat
culkin
cullen
culp
culver
cummings
cunningham
cuomo
curie
curlander
curran
curry
curt
curtin
curtis
cusack
cushing
cushman
custer
cutler
cyndi
cyndy
cynthia
cyril
cyrstal
cyrus
cythia
d'allesandro
daane
daberko
dacascos
dacia
daddy
daft
dagmar
dagny
dahl
dahlia
daina
daine
daisey
daisuke
daisy
dakota
dale
dalen
dalene
dalglish
dali
dalia
dalila
dallas
dalton
daltrey
daly
damaris
damian
damien
damion
damme
damon
damone
dan
dana
danae
dane
danelle
danes
danette
dangerfield
dani
dania
danial
danica
daniel
daniela
daniele
danielewski
daniell
daniella
danielle
daniels
danika
danille
danilo
danita
dann
danna
danner
dannette
dannie
dannielle
danny
danson
dante
danuta
danyel
danyell
danyelle
danza
daphine
daphne
dara
darby
darcel
darcey
darci
darcie
darcy
darell
daren
daria
darin
dario
darius
darla
darleen
darlena
darlene
darline
darmesteter
darnell
daron
darrel
darrell
darren
darrick
darrin
darron
darrow
darryl
darwin
daryl
dattilo
dauch
dave
davenant
david
davida
davidson
davies
davina
davis
davison
davisson
dawber
dawn
dawna
dawne
dawson
day
dayle
dayna
daysi
deacon
deadra
dean
deana
deandra
deandre
deandrea
deane
deangelo
deann
deanna
deanne
deanza
deavenport
deb
debbi
debbie
debbra
debby
debera
debi
debora
deborah
debra
debrah
debroah
debussy
decamp
decarlo
dede
dedra
dee
deeann
deeanna
deedee
deedra
deena
deetta
defoe
degas
degeneres
dehavilland
dehmelt
deidra
deidre
deirdre
deja
dekker
del
delaine
delana
delaney
delany
delbert
delcie
delena
delfina
delia
delicia
delila
delilah
delillo
delinda
delisa
dell
della
delma
delmar
delmer
delmy
deloach
delois
deloise
delonge
delora
deloras
delores
deloris
delorse
delpha
delphia
delphine
delsie
delta
deluise
demarcus
demetra
demetria
demetrice
demetrius
demille
deming
dempsey
dena
denae
deneen
denese
deneuve
denham
denice
deniro
denis
denise
denisha
denisse
denita
denman
denna
dennis
dennise
denny
densmore
denver
denyse
deon
deonna
depalma
depardieu
depp
derek
derick
dern
derrick
desai
descartes
deshawn
desirae
desiree
desmond
despina
dessie
destiny
detra
deville
devin
devine
devito
devlin
devon
devona
devora
devorah
dewayne
dewey
dewhurst
dewitt
dexter
dey
dia
diamond
dian
diana
diane
diann
dianna
dianne
diaz
dibdin
dicaprio
dick
dickens
dickey
dickins
dickinson
dicus
diddley
diedra
diedre
diego
dierdre
dies
dietrich
diggs
digna
dillard
diller
dillinger
dillon
dimaggio
dimicco
dimon
dimple
dina
dinah
dino
dinorah
dion
dione
dionna
dionne
dirac
dirk
disney
ditka
divina
dixie
dobson
doddridge
dodge
dodie
dods
dogg
doherty
dolan
dole
dolenz
dollens
dollie
dolly
dolores
doloris
domenic
domenica
domett
dominga
domingo
dominic
dominica
dominicci
dominick
dominique
domino
dominque
domitila
domonique
don
dona
donahue
donald
donaldson
donella
donetta
donette
dong
donita
donn
donna
donne
donnell
donnetta
donnette
donnie
donny
donovan
donte
donya
doohan
dooner
dora
dorathy
dorcas
doreatha
doreen
doren
dorene
doretha
dorethea
doretta
dori
doria
dorian
dorie
dorinda
dorine
doris
dorla
dorn
dorotha
dorothea
dorothy
dorough
dorr
dorris
dorsey
dortha
dorthea
dorthey
dorthy
dostoevsky
dot
dottie
dotty
doubleday
doudney
doug
douglas
douglass
dovie
dow
dowdell
dowling
downey
downs
doyle
dragon
drake
draper
drayton
dre
dreama
dreesen
drema
drescher
drew
drexler
dreyfus
dreyfuss
driver
drosdick
drucilla
drummond
drusilla
dryden
drysdale
duane
dubois
duchovny
dudley
duff
duffy
dukakis
duke
dulce
dulcie
dullea
dumars
dumas
dumont
dunaway
duncan
dung
dunham
dunn
dunne
dunst
duques
durante
durning
duroc
durrell
durst
dusti
dustin
dusty
duvall
dwain
dwana
dwayne
dwight
dyan
dyer
dyke
dyken
dylan
earhart
earl
earle
earlean
earleen
earlene
earley
earlie
earline
earnest
earnestine
earnhardt
earp
eartha
easter
easton
eastwood
ebbers
ebert
eboni
ebonie
ebony
ebsen
echegaray
eckert
eckstine
eco
ed
eda
edda
eddie
eddings
eddy
edelmira
eden
edgar
edgardo
edgarian
edie
edison
edith
edmond
edmund
edmundo
edna
edra
edris
eduardo
edward
edwardo
edwards
edwardson
edwin
edwina
edyth
edythe
effie
efrain
efren
egan
eggar
ehrlich
ehtel
eikenberry
eikichi
eileen
eilene
einstein
eisenberg
eisenhower
eisner
ekberg
ekland
ela
eladia
elaina
elaine
elana
elane
elanor
elayne
elba
elbert
elcano
elda
elden
elder
eldon
eldora
eldridge
eleanor
eleanora
eleanore
elease
electra
elena
elene
eleni
elenor
elenora
elenore
eleonor
eleonora
eleonore
elfman
elfreda
elfrieda
elfriede
elgar
eli
elia
eliana
elias
elicia
elida
elidia
elijah
elin
elina
elinor
elinore
eliot
elisa
elisabeth
elise
eliseo
elisha
elissa
eliz
eliza
elizabet
elizabeth
elizbeth
elizebeth
elke
ella
ellamae
ellan
ellen
ellena
ellenberger
ellerbee
elli
ellie
ellington
elliot
elliott
ellis
ellison
ellsworth
elly
ellyn
elma
elmer
elmira
elmo
elna
elnora
elodia
elois
eloisa
eloise
elouise
eloy
elroy
elsa
elsie
elsy
elton
elva
elvera
elvia
elvie
elvin
elvina
elvira
elvis
elwanda
elway
elwes
elwood
ely
elyse
elza
ema
emanuel
emelda
emelia
emelina
emeline
emely
emerald
emerita
emerson
emery
emi
emiko
emil
emile
emilee
emilia
emilie
emilio
emily
emma
emmaline
emmanuel
emmett
emmie
emmitt
emmy
emogene
emory
emperor
ena
enda
enedina
eneida
engelke
engibous
england
engles
english
enid
enoch
enola
enrico
enrique
enriqueta
ensler
ephron
epifania
era
erasmo
erdrich
ergen
eric
erica
erich
erick
ericka
erik
erika
erin
erinn
erlene
erlinda
erline
erma
ermelinda
erminia
erna
ernest
ernestina
ernestine
ernesto
ernie
ernst
errol
ervin
erving
erwin
eryn
esaki
escher
esmeralda
esperanza
espinel
esquivel
esrey
essie
essner
esta
esteban
estefan
estefana
estela
estell
estella
estelle
ester
esteves
estevez
esther
estrada
estrella
etha
ethan
ethel
ethelene
ethelyn
etheridge
ethyl
etsuko
etta
ettie
ettore
eufemia
eugena
eugene
eugenia
eugenie
eugenio
eula
eulah
eulalia
eun
euna
eunice
eura
eusebia
eusebio
eustolia
eva
evalyn
evan
evangelina
evangeline
evans
eve
evelia
evelin
evelina
eveline
evelyn
evelyne
evelynn
everett
everette
everly
evert
evette
evia
evie
evita
evon
evonne
ewa
ewell
ewing
exie
exupery
eyler
eyquem
ezekiel
ezequiel
ezra
fabares
faber
fabian
fabiola
fabray
fae
fagan
fahey
fairbank
fairbanks
fairchild
fairy
faith
faithfull
falana
falk
falla
fallon
faltskog
falwell
fannie
fanny
faraday
farah
fard
farentino
fargo
farley
farmer
farquhar
farr
farragut
farrah
farrakhan
farrand
farrell
farrow
fat
fatima
fatimah
fatone
faulkner
faustina
faustino
fausto
faviola
favre
fawcett
fawn
fay
faye
fe
federico
feiffer
feinberg
feist
feldman
feldon
felecia
felica
felice
felicia
feliciano
felicidad
felicita
felicitas
felipa
felipe
felisa
felisha
felix
fellini
felton
fenn
ferdinand
ferguson
ferland
ferlinghetti
fermi
fermin
fermina
fern
fernanda
fernande
fernandez
fernando
ferne
ferraro
ferrer
ferriar
ferrigno
ferris
feuer
feynman
fidel
fidela
fidelia
fiedler
field
fielding
fields
fiennes
filiberto
filipps
fillmore
filomena
finch
fine
fingers
finlay
finney
fiona
fiorina
firestone
fischer
fischetti
fishburne
fishel
fisher
fishman
fisk
fitch
fittipaldi
fitzgerald
fitzpatrick
flack
flatley
flaubert
flavia
fleetwood
fleming
fleta
fletcher
flo
flockhart
flor
flora
florance
florence
florencia
florencio
florene
florentina
florentino
floretta
floria
florida
florinda
florine
florrie
flossie
floy
floyd
flynn
flynt
foch
fogelberg
fogerty
follett
fonda
fontaine
fontanne
fonteyn
foos
foote
foray
forbes
forbush
ford
fordyce
foreman
forese
forest
forman
forrest
forseythe
forsyth
forsythe
fortescue
foss
fosse
foster
fowler
fox
foxx
foyt
frampton
fran
france
francene
frances
francesca
francesco
franchesca
francie
francina
francine
francis
francisca
francisco
franck
franco
francoise
frank
frankie
franklin
franklyn
frann
fransisca
franz
fraser
frawley
frayn
frazier
freberg
fred
freda
fredda
freddie
freddy
frederic
frederica
frederick
fredericka
fredia
fredric
fredrick
fredricka
freeda
freeman
frehley
freida
french
freneau
frere
freud
frewer
frey
frida
frieda
friedan
friedkin
friedman
friedrich
fries
frissora
fritz
fritzky
frog
frost
fry
ftorek
fuentes
fukuyama
fuld
fuller
fulton
fumiko
fumiya
funicello
funt
furlong
gable
gabor
gabriel
gabriela
gabriele
gabriella
gabrielle
gagarin
gail
gainsborough
gala
galbraith
gale
galen
galilei
galina
gallagher
gallienne
galvin
galway
gamble
gamper
gandara
gandhi
gandolfini
gangwal
gannon
garagiola
garber
garbo
garcia
garciapara
gardam
gardel
gardner
garfield
garfunkel
garland
garner
garnet
garnett
garofalo
garr
garret
garrett
garrick
garrison
garry
garson
garth
garton
garvey
gary
gasset
gassman
gaston
gates
gauguin
gaulin
gaulle
gavin
gavurin
gay
gaye
gayla
gayle
gaylene
gaylord
gaynell
gaynelle
gaynor
gazzara
gearldine
geary
geddes
geffen
gehrig
geldof
gell
gellar
geller
gellert
gema
gemma
gena
genaro
gene
genesis
geneva
genevie
genevieve
genevive
genia
genie
genna
gennes
gennie
genny
genoveva
gentry
geoffrey
geoffreys
georgann
george
georgeann
georgeanna
georgene
georgetta
georgette
georgia
georgiana
georgiann
georgianna
georgianne
georgie
georgina
georgine
gephardt
gerald
geraldine
geraldo
geralyn
gerard
gerardo
gerda
gere
geri
germaine
german
gernreich
gerri
gerry
gershwin
gerstner
gertha
gertie
gertrud
gertrude
gertrudis
gertude
getty
ghislaine
gia
giaever
gianna
gibara
gibb
gibbon
gibbons
gibbs
gibran
gibson
gidget
gielgud
gierer
gifford
giger
gigi
gihbran
gil
gilbert
gilberte
gilberto
gilda
gilder
gilfillan
gill
gillespie
gilley
gillian
gillies
gilma
gilman
gilmartin
gilmore
gilwell
gina
ginette
ginger
gingrich
ginny
gino
ginsberg
giovanna
giovanni
girls
gisela
gisele
giselle
gish
gita
giuliani
giuliano
giuseppe
giuseppina
givens
gladis
gladstone
glady
gladys
glancy
glaser
glashow
glass
glayds
gleason
glen
glenda
glendora
glenn
glenna
glennie
glennis
gless
glinda
gloria
glory
glover
glynda
glynis
glynn
gobel
godard
godfrey
godunov
goeppert
goethe
gogh
goingback
gold
golda
goldberg
goldblum
goldie
golding
goldman
goldsboro
goldsmith
goldwater
golisano
gonzales
gonzalez
gonzalo
goodall
goode
gooden
goodhue
gooding
goodkind
goodman
goodwin
goodyear
gorbachev
gorcey
gordeeva
gordimer
gordon
gordy
gore
gorham
gorky
gorme
gorshin
gosling
gossage
gosse
gosselaar
gossett
gottfried
gould
goulet
gowdy
goya
grable
grace
gracia
gracie
graciela
grady
graf
graham
grahn
graig
grammer
granados
grandy
grant
granville
graves
gray
grayce
grazyna
great
greco
greehey
greeley
green
greenberg
greene
greenspan
greenstreet
greg
gregg
gregoria
gregorio
gregory
greta
gretchen
gretta
gretzky
greville
grey
gricelda
grieg
grier
griffey
griffin
griffith
grimes
gris
grisel
griselda
grodin
groening
gropius
gross
grover
grubbs
gruelle
grumbleweeds
grundhofer
guadalupe
guardia
guccione
gudelski
gudrun
guevara
gugino
guillaume
guillermina
guillermo
guinness
guisewaite
gumbel
gunesekera
gupta
gurnah
gus
gussie
gustav
gustavo
gutenberg
guthrie
gutierrez
guttenberg
guy
gwathmey
gwen
gwenda
gwendolyn
gwenn
gwyn
gwyneth
gwynn
gwynne
ha
hackett
hackman
hadley
hae
hafer
hagar
haggard
hagler
hagman
hai
haig
hailey
haim
hal
halbert
halen
haley
haliburton
halina
hall
halla
halleck
halley
hallie
hallinan
halliwell
hambly
hamel
hamill
hamilton
hamlin
hamlisch
hamm
hammer
hammergren
hammerstein
hammet
hammett
hammond
hampton
han
hana
hancock
handel
hang
hanh
hank
hanks
hanna
hannah
hannelore
hannigan
hans
hansen
hanson
hanway
harad
harari
harding
hardy
hargreaves
hari
harlan
harland
harley
harlow
harmon
harmony
harold
harper
harrell
harrelson
harriet
harriett
harriette
harrington
harris
harrison
harry
hart
harte
hartley
hartman
hartnett
harvey
harwell
haseltine
hassan
hasselhoff
hassenfeld
hassie
hastert
hatcher
hattie
haub
hauer
haughton
havilland
hawk
hawke
hawking
hawn
hay
haydee
hayden
haydn
hayek
hayes
hayley
hayne
hayward
haywood
hayworth
hazel
hearst
heath
heather
heatherton
heber
heche
hecht
hector
hedren
hedwig
hedy
hee
hefner
heide
heidi
heidy
heigl
heike
heinz
heisenberg
helaine
helen
helena
helene
helga
helgeson
hellen
heller
helms
hemans
hemings
hemingway
hemsley
henderson
hendrix
henie
henkel
henley
henner
henning
henreid
henrietta
henriette
henry
henshaw
henson
hepburn
herb
herbert
herda
heriberto
herlinda
herma
herman
hermelinda
hermila
hermina
hermine
herminia
herr
herrick
herriot
herschel
hershel
hershey
herta
hertha
hertz
hervey
herzog
hess
hesse
hesseman
hester
heston
hetfield
hettie
hewish
hewitt
heywood
hickey
hickman
hickock
hickson
hideki
hiedi
hien
higgins
highsmith
hikaru
hilaria
hilario
hilary
hilda
hilde
hildegard
hildegarde
hildred
hill
hillary
hilma
hilton
hinano
hiner
hines
hingis
hinkson
hipolito
hiram
hiroko
hiroto
hirsch
hirt
hisako
hiss
hitchcock
hitler
ho
hoa
hoaglin
hobbes
hobert
hoeg
hoffa
hoffman
hoffs
hofstadter
hogan
hogue
hoigt
holabird
holbrook
holden
holder
holding
holiday
hollan
holland
hollerith
holley
holli
holliday
hollie
hollinghurst
hollingsworth
hollis
holloway
holly
holm
holmes
holyfield
home
homer
honey
honeycutt
hong
hood
hooker
hooks
hooper
hoover
hope
hopkins
hopkinson
hopper
hoppus
horace
horacio
horatio
horn
horne
horowitz
horrocks
hortencia
hortense
hortensia
horton
hosea
hoskins
houarner
houdini
houghton
housman
houssay
houston
hoverson
hovey
howard
howarth
howatt
howe
howell
howells
howitt
hoya
hoyt
hsiu
huang
hubbard
hubble
hubert
hudson
hue
huerta
huey
hugh
hughart
hughes
hugo
hui
hulce
hulda
hull
hulme
hulse
humann
humberto
humperdinck
humphrey
hundertwasser
hung
hunt
hunter
huntley
huong
hurdis
hurley
hurston
hurt
hussein
hussey
huston
hutchence
hutchinson
hutton
huxley
hwa
hyacinth
hyde
hye
hyman
hyo
hyon
hyun
iacocca
ian
ibarruri
ibsen
ichiro
ida
idalia
idell
idella
idol
iesha
iglesias
ignacia
ignacio
ignatieff
ike
ila
ilana
ilda
ileana
ileen
ilene
iliana
illa
ilona
ilse
iluminada
ima
imbruglia
imelda
imogene
impersonators
imus
ina
india
indira
indurain
inell
ines
inez
infante
inga
ingalls
inge
ingeborg
ingelow
ingenieros
inger
ingersoll
ingrid
inocencia
inoki
iola
iommi
iona
ione
ionesco
ira
iraida
irani
ireland
irena
irene
irina
iris
irish
irma
irmgard
irons
irvin
irving
irwin
isa
isaac
isabel
isabell
isabella
isabelle
isadora
isaiah
isaias
isaura
isela
isenberg
isherwood
ishiguro
isiah
isidra
isidro
isis
isle
ismael
isobel
isozaki
israel
isreal
issac
ito
iv
iva
ivan
ivana
ivelisse
iverson
ives
ivette
ivey
ivonne
ivory
ivy
izetta
izola
ja
jabbar
jacalyn
jacelyn
jacinda
jacinta
jacinto
jack
jackeline
jackelyn
jacki
jackie
jacklyn
jackqueline
jackson
jaclyn
jacob
jacobs
jacqualine
jacque
jacquelin
jacqueline
jacquelyn
jacquelyne
jacquelynn
jacques
jacquetta
jacqui
jacquie
jacquiline
jacquline
jacqulyn
jada
jade
jadwiga
jae
jaeckel
jagger
jaime
jaimee
jaimie
jake
jaleesa
jalisa
jama
jamaal
jamal
jamar
jame
jamee
jamel
james
jamey
jami
jamie
jamika
jamila
jamison
jammie
jan
jana
janae
janay
jane
janean
janee
janeen
janel
janell
janella
janelle
janene
janessa
janet
janeth
janett
janetta
janette
janey
jani
janice
janie
janiece
janina
janine
janis
janise
janita
jann
janna
jannet
jannette
jannie
jansen
janssen
january
janyce
jaqueline
jaquelyn
jared
jarod
jarreau
jarred
jarrett
jarrod
jarvis
jasmin
jasmine
jason
jasper
jastrow
jaunita
javier
jay
jaye
jayme
jaymie
jayna
jayne
jayson
jazmin
jazmine
jc
jean
jeana
jeane
jeanelle
jeanene
jeanett
jeanetta
jeanette
jeanice
jeanie
jeanine
jeanmarie
jeanna
jeanne
jeannetta
jeannette
jeannie
jeannine
jed
jeff
jefferey
jefferson
jeffery
jefferys
jeffie
jeffre
jeffrey
jeffreys
jeffry
jen
jena
jenae
jene
jenee
jenell
jenelle
jenette
jeneva
jeni
jenice
jenifer
jeniffer
jenine
jenise
jenkins
jenna
jennefer
jennell
jenner
jennette
jenney
jenni
jennie
jennifer
jenniffer
jennine
jennings
jenny
jensen
jenson
jerald
jeraldine
jeramy
jere
jeremiah
jeremy
jeri
jerica
jericho
jerilyn
jerlene
jermaine
jerold
jerome
jeromy
jerrell
jerri
jerrica
jerrie
jerrod
jerrold
jerry
jesenia
jesica
jess
jesse
jessenia
jessi
jessia
jessica
jessie
jessika
jestine
jesus
jesusa
jesusita
jeter
jett
jetta
jettie
jewel
jewell
jewison
jhabvala
ji
jill
jillian
jim
jimmie
jimmy
jin
jina
jinny
jo
joan
joana
joane
joanie
joann
joanna
joanne
joannie
joannou
joaquin
joaquina
jobim
jobs
jobson
jocelyn
jodee
jodi
jodie
jody
joe
joeann
joel
joella
joelle
joellen
joerres
joesph
joetta
joette
joey
johana
johanna
johanne
john
johna
johnathan
johnathon
johnetta
johnette
johnie
johnna
johnnie
johnny
johns
johnsie
johnson
johnston
joi
joie
jolanda
joleen
jolene
jolie
joline
jolson
jolyn
jolynn
jon
jona
jonah
jonas
jonathan
jonathon
jone
jonell
jonelle
jones
jong
joni
jonie
jonna
jonnie
jonson
joplin
jordan
jordon
jorge
jorndt
jose
josef
josefa
josefina
josefine
josefowicz
joselyn
joseph
josephina
josephine
josephson
josette
josh
joshua
josiah
josie
joslyn
jospeh
josphine
josue
jourdan
jovan
jovi
jovita
joy
joya
joyce
joycelyn
joye
joyner
juan
juana
juanita
judd
jude
judi
judie
judith
judson
judy
jule
julee
julene
jules
juli
julia
julian
juliana
juliane
juliann
julianna
julianne
julie
julieann
julienne
juliet
julieta
julietta
juliette
julio
julissa
julius
jump
junck
june
jung
junie
junita
junko
junot
jurgensen
justa
justin
justina
justine
jutta
ka
kacey
kaci
kacie
kacy
kaczmarek
kael
kafka
kahanamoku
kahlo
kahn
kai
kaila
kaitlin
kaitlyn
kakuei
kala
kaleigh
kaley
kali
kaline
kalkbrenner
kallie
kalyn
kam
kamala
kami
kamilah
kanas
kanawa
kandace
kandi
kandice
kandinsky
kandis
kandra
kandy
kane
kanesha
kangaroo
kanisha
kann
kantner
kapitsa
kaplan
kara
karan
karatz
kareem
kareen
karen
karena
karey
kari
karie
karima
karin
karina
karine
karisa
karissa
karl
karla
karleen
karlene
karloff
karly
karlyn
karma
karmen
karn
karol
karole
karoline
karolyi
karolyn
karon
karr
karras
karren
karri
karrie
karry
kary
karyl
karyn
kasandra
kasem
kasey
kasha
kasi
kasie
kasparov
kassandra
kassie
kastler
kate
katelin
katelyn
katelynn
katerine
kathaleen
katharina
katharine
katharyn
kathe
katheleen
katherin
katherina
katherine
kathern
katheryn
kathey
kathi
kathie
kathleen
kathlene
kathline
kathlyn
kathrin
kathrine
kathryn
kathryne
kathy
kathyrn
kati
katia
katie
katina
katlyn
katrice
katrina
kattie
katy
kaufman
kauvaka
kavner
kay
kayce
kaycee
kaye
kayla
kaylee
kayleen
kayleigh
kaylene
kaysen
kazan
kazuko
kazutoshi
kazuyoshi
keach
keanan
keane
keaton
keats
keble
kecia
keegan
keel
keeler
keeley
keely
keena
keenan
keesha
keeshan
keiko
keila
keillor
keira
keisel
keisha
keisuke
keitel
keith
keitha
keizo
keli
kelle
kellee
kelleher
keller
kellerman
kelley
kelli
kellie
kelly
kellye
kelman
kelsey
kelsi
kelsie
kelvin
kemberly
kemble
kemp
kemper
kempis
ken
kena
kenda
kendal
kendall
kendra
kendrick
keneally
keneth
kenia
kenisha
kenji
kenna
kennedy
kenneth
kennith
kenny
kensit
kent
kenton
kenya
kenyatta
kenyetta
kepler
kera
keren
keri
kermit
kern
kerns
kerouac
kerr
kerri
kerrie
kerrigan
kerry
kersee
kersh
kershaw
kerstin
kesey
kesha
keshia
ketcham
ketchum
keturah
keva
keven
kevin
key
keyes
keyser
khadijah
khalilah
khan
khayyam
khomeini
khrushchev
kia
kiana
kiara
kid
kidd
kidder
kidman
kiera
kiernan
kiersten
kiesha
kieth
kight
kilborn
kiley
killinger
killy
kilmer
kilroy
kilts
kim
kimber
kimberely
kimberlee
kimberley
kimberli
kimberlie
kimberly
kimbery
kimbra
kimi
kimiko
kimmel
kina
kinder
kindra
king
kingolver
kingsley
kinsey
kinski
kip
kipling
kira
kirby
kirk
kirkpatrick
kirosawa
kirshner
kirsten
kirstie
kirstin
kisha
kissinger
kit
kitt
kittie
kitty
kiyoko
kizzie
kizzy
klara
klein
klemperer
kline
klitzing
klugman
knapp
kneale
knez
knievel
knight
knott
knotts
knowles
knox
koch
kogan
kohlhepp
komansky
koolhaas
koppel
koranda
korbut
korey
kori
korman
kortney
kory
koshi
kosinski
kotzebue
koufax
kournikova
kourtney
kovacevich
kovacs
kowalski
kraemer
kraig
kramer
kravitz
krehbiel
kresa
krieger
kriens
kris
krishna
krissy
krista
kristal
kristan
kristeen
kristel
kristen
kristi
kristian
kristie
kristin
kristina
kristine
kristle
kristofer
kristofferson
kristopher
kristy
kristyn
kroc
krupa
krysta
krystal
krysten
krystin
krystina
krystle
krystyna
kubrick
kudrow
kum
kumar
kuralt
kurt
kurtis
kurtz
kusch
kutcher
kwan
kyla
kyle
kylee
kylie
kym
kymberly
kyoko
kyong
kyosuke
kyra
kyung
l'engle
labelle
lacey
lachelle
lachey
laci
lacie
lacresha
lacy
ladawn
ladd
ladonna
lady
lael
lafley
lagasse
lahoma
lahr
lahti
lai
laila
laine
laing
lajuana
lake
lakeesha
lakeisha
lakendra
lakenya
lakesha
lakeshia
lakia
lakiesha
lakisha
lakita
lala
lalanne
lama
lamar
lamarque
lamarr
lamas
lamb
lamonica
lamont
lamotta
lamour
lampson
lan
lana
lancaster
lance
landan
landau
landel
landers
landis
landon
landor
lane
lanell
lanelle
lanette
lang
lange
langford
langhammer
langhorne
langmuir
langton
lani
lanie
lanier
lanita
lanni
lannie
lanny
lanora
lansbury
lansdale
lanza
laquanda
laquita
lara
larae
laraine
larcom
laree
larhonda
larisa
larissa
larita
laronda
laroquette
larraine
larrimore
larroquette
larry
larsen
larson
larue
lasandra
lasek
lashanda
lashandra
lashaun
lashaunda
lashawn
lashawna
lashawnda
lashay
lashell
lashon
lashonda
lashunda
lasonya
lasorda
lasser
lassiter
latanya
latarsha
latasha
latashia
latesha
lathrop
latia
laticia
latifah
latina
latisha
latonia
latonya
latoria
latosha
latoya
latoyia
latrice
latricia
latrina
latrisha
laue
lauer
laughlin
laughton
launa
lauper
laura
lauralee
lauran
laure
laureen
laurel
lauren
laurena
laurence
laurene
laurent
lauretta
laurette
lauri
laurice
laurie
laurinda
laurine
lauritzen
lauryn
lavada
lavelle
lavenia
lavera
lavern
laverna
laverne
laveta
lavette
lavin
lavina
lavinia
lavon
lavona
lavonda
lavone
lavonia
lavonna
lavonne
law
lawana
lawanda
lawanna
lawerence
lawford
lawless
lawrence
lawson
layard
layla
laymon
layne
lazaro
lazzeri
le
lea
leach
leachman
leah
leakey
lean
leana
leandra
leandro
leann
leanna
leanne
leanora
lear
learned
leary
leatha
leatherdale
leatrice
leblanc
leboeuf
lebow
lecia
lecky
lecuona
leda
ledbetter
lederman
lee
leeann
leeanna
leeanne
leena
leesa
legrand
leia
leida
leif
leigh
leigha
leighann
leighton
leila
leilani
leisa
leisha
leiter
lekisha
lela
lelah
leland
lelia
leloir
lelouch
lemieux
lemmon
lemon
lemond
lemuel
len
lena
lenard
lendl
lenin
lenita
lenna
lennevald
lennie
lennon
lennox
lenny
leno
lenora
lenore
lenya
leo
leola
leoma
leon
leona
leonard
leonarda
leonardo
leone
leonel
leonia
leonida
leonie
leonila
leonor
leonora
leonore
leontine
leopoldo
leora
leota
lera
leritz
lerner
leroux
leroy
les
lesa
lesar
lesh
lesha
lesia
leslee
lesley
lesli
leslie
lessie
lessing
lester
leta
letbetter
letha
leticia
letisha
letitia
letterman
lettie
letts
letty
levant
levenson
levi
levin
levine
levinson
levis
levison
levitt
lewinsky
lewis
lexie
lezlie
li
lia
liana
liane
lianne
libbie
libby
liberty
librada
lichtenstein
lida
liddell
liddy
lidia
lieberman
lien
lieselotte
lifeson
lightfoot
ligia
lila
lili
lilia
lilian
liliana
lilla
lilley
lilli
lillia
lilliam
lillian
lilliana
lillie
lilly
lily
lim
lima
limbaugh
lin
lina
lincoln
linda
lindbergh
linden
lindner
lindros
lindsay
lindsey
lindsy
lindy
linette
ling
linh
link
linkletter
linley
linn
linnea
linnie
lino
linsey
linwood
lionel
lipinski
lipkin
lipnicki
lippmann
lipton
lisa
lisabeth
lisandra
lisbeth
lise
lisette
lisha
lissa
lissette
liszt
lita
lithgow
little
littrell
liu
lively
livia
livingstone
liz
liza
lizabeth
lizbeth
lizeth
lizette
lizzette
lizzie
llosa
lloyd
llull
loaf
locane
locker
lockhart
locklear
lodge
loewe
logan
loggins
lohan
loida
lois
loise
lola
lolita
lollobrigida
loma
lombard
lombardi
lombardo
lon
lona
londa
london
long
longfellow
loni
lonna
lonnie
lonny
loos
loose
lopez
lora
loraine
loralee
lorberbaum
lorca
lord
lore
lorean
loree
loreen
lorelei
loren
lorena
lorene
lorentz
lorenza
lorenzo
loreta
loretta
lorette
lori
loria
loriann
lorie
lorilee
lorina
lorinda
lorine
loris
lorita
lorna
lorraine
lorre
lorretta
lorri
lorriane
lorrie
lorrine
lory
lottie
lou
louann
louanne
louella
louetta
louganis
louie
louis
louisa
louise
loura
lourdes
lourie
lousma
louvenia
love
lovecraft
lovelace
lovella
lover
lovett
lovetta
lovie
lovitz
low
lowder
lowe
lowell
lowry
loy
loyce
loyd
loyola
lu
luana
luann
luanna
luanne
luba
lucas
lucci
luci
lucia
luciana
luciano
lucie
lucien
lucienne
lucila
lucile
lucilla
lucille
lucina
lucinda
lucio
lucius
lucrecia
lucretia
lucy
ludie
ludivina
ludlum
ludwig
lue
luella
luetta
lugosi
luigi
luis
luisa
luise
luke
lula
lulu
lumet
lumholdt
luna
lunden
lundgren
lupe
lupino
lupita
lura
lurlene
lurline
luter
luther
luvenia
luz
lybarger
lyda
lydia
lyla
lyle
lyly
lyman
lyn
lynch
lynda
lynde
lyndia
lyndon
lyndsay
lyndsey
lynell
lynelle
lynetta
lynette
lyngstad
lynn
lynna
lynne
lynnette
lynsey
lynwood
lyttleton
lytton
ma
maazel
mabel
mabelle
mable
mac
macarthur
macbeth
macchio
macdiarmid
macdonald
macdowell
macgraw
macgregor
machado
machelle
macher
macie
macinnis
mack
mackay
mackenzie
mackintosh
macklin
maclaine
maclaverty
macleod
macmurray
macpherson
macrae
mactavish
macy
madalene
madaline
madalyn
madariaga
madden
maddie
madelaine
madeleine
madelene
madeline
madelyn
madge
madie
madigan
madison
madlyn
madonna
madsen
mae
maegan
maeterlinck
mafalda
magali
magaly
magan
magaret
magda
magdalen
magdalena
magdalene
magen
maggie
magliochetti
magnolia
magritte
maguire
mahalia
mahon
mai
maia
maida
maile
mailer
main
maines
maira
maire
maisha
maisie
major
majorie
majorino
majors
makayla
makeba
makeda
maki
makiko
makoto
malcolm
malcom
malden
malena
malia
malik
malika
malinda
malinin
malisa
malissa
malka
malkovich
malle
mallie
mallory
malone
malorie
malouf
maltin
malvina
mamet
mamie
mammie
man
mana
manchester
mancini
mancino
manda
mandel
mandela
mandi
mandie
mandrell
mandy
manet
mangione
manie
manilow
mankiller
mann
manning
manoogian
mansfield
manson
mantle
mantooth
manual
manuel
manuela
manzarek
mao
maple
mara
maradona
maragaret
maragret
maranda
marano
marc
marcantonio
marceau
marcel
marcela
marcelene
marcelina
marceline
marcelino
marcell
marcella
marcelle
marcellus
marcelo
marcene
marchelle
marci
marcia
marcie
marco
marconi
marcos
marcus
marcy
mardell
maren
marg
margaret
margareta
margarete
margarett
margaretta
margarette
margarita
margarite
margarito
margart
marge
margene
margeret
margert
margery
marget
margherita
margie
margit
margo
margorie
margot
margret
margrett
marguerita
marguerite
margurite
margy
marhta
mari
maria
mariah
mariam
marian
mariana
marianela
mariann
marianna
marianne
mariano
maribel
maribeth
marica
maricela
maricruz
marie
mariel
mariela
mariella
marielle
marietta
mariette
mariko
marilee
marilou
marilu
marilyn
marilynn
marin
marina
marinda
marine
marino
mario
marion
maris
marisa
marisela
marisha
marisol
marissa
marita
maritza
marivel
marjorie
marjory
mark
marketta
markham
markita
marks
markus
marla
marlana
marleen
marlen
marlena
marlene
marley
marlin
marline
marlo
marlon
marlowe
marlyn
marlys
marna
marni
marnie
marquerite
marquetta
marquez
marquis
marquita
marquitta
marriott
marry
marsalis
marsh
marsha
marshall
marta
marth
martha
marti
martin
martina
martine
martinez
martini
marty
marva
marvel
marvell
marvella
marvin
marvis
marx
mary
marya
maryalice
maryam
maryann
maryanna
maryanne
marybelle
marybeth
maryellen
maryetta
maryjane
maryjo
maryland
marylee
marylin
maryln
marylou
marylouise
marylyn
marylynn
maryrose
marzials
masako
masamune
masayoshi
maslow
mason
massey
massinger
masterson
mastroianni
matha
mathers
mathew
mathews
mathilda
mathilde
mathis
matilda
matilde
matisse
matlin
matt
matthau
matthew
matthews
mattie
mattingly
mature
maud
maude
maudie
mauldin
maupin
maura
maureen
maurice
mauricio
maurier
maurine
maurita
mauro
mavis
mavor
max
maxie
maxima
maximina
maximo
maxine
maxwell
may
maya
mayall
maybeck
maybell
maybelle
maye
mayer
mayfield
mayme
maynard
mayola
mayra
mays
mazie
mazursky
mazzello
mcauliffe
mcbride
mccabe
mccaffrey
mccain
mccall
mccallister
mccallum
mccambridge
mccammon
mccanless
mccann
mccarthy
mccartney
mccary
mcclanahan
mccollough
mccoo
mccorkindale
mccormick
mccourt
mccrane
mccray
mccrea
mcdiarmid
mcdonald
mcdonnell
mcdormand
mcdougall
mcdowall
mcdowell
mceleney
mcenroe
mcentire
mcewan
mcfarland
mcgahern
mcgavin
mcgillis
mcginnis
mcgoohan
mcgovern
mcgrath
mcgraw
mcgregor
mcguinn
mcguire
mcgwire
mcintosh
mcintyre
mckay
mckellar
mckelvey
mckenzie
mckeon
mckinley
mckinnell
mcknight
mclachlan
mclean
mclennan
mcleod
mcluhan
mcmahon
mcmillan
mcmullian
mcnaught
mcnealy
mcneill
mcnerney
mcnichol
mcpherson
mcqueen
mcvie
mead
meadows
meagan
meaghan
meara
mechelle
meda
mee
meer
meg
megan
meggan
meghan
meghann
mehta
mei
meir
mel
melaine
melani
melania
melanie
melany
melba
melda
melia
melida
melina
melinda
melisa
melissa
melissia
melita
mellencamp
mellie
mellisa
mellissa
melodee
melodi
melodie
melody
melonie
melony
melva
melville
melvin
melvina
melynda
mendes
mendy
menken
menninger
menuhin
mercedes
mercedez
mercouri
mercury
mercy
meredith
meri
merideth
meridith
merilyn
merissa
merle
merlene
merlin
merlyn
merman
merna
merri
merrick
merrie
merrilee
merrill
merriman
merry
mertie
merton
mervin
meryl
messina
messmer
meta
metcalf
meuron
meyer
meyers
mi
mia
mica
micaela
micah
micha
michael
michaela
michaele
michaels
michal
michale
micheal
michel
michele
michelin
michelina
micheline
michell
michelle
michelson
michener
michiko
michio
mickey
micki
mickie
mickle
middleton
midler
miesha
mifune
migdalia
mignon
miguel
miguelina
mika
mikaela
mikayla
mike
mikel
miki
mikita
mikki
mila
milagro
milagros
milan
milano
milda
mildred
miles
milford
milissa
milland
millard
miller
millicent
millie
millikan
millman
mills
milly
milman
milne
milo
milsap
milstein
milton
mimi
mimieux
min
mina
minda
mindi
mindy
mineo
miner
minerva
ming
minh
minna
minnelli
minnie
minogue
minor
minta
miquel
mira
miranda
mireille
mirella
mireya
miri
miriam
mirian
mirna
mirren
mirta
mirtha
misako
misha
missy
misti
mistie
mistral
mistry
misty
mitch
mitchel
mitchell
mitchum
mitsue
mitsuko
mittie
mitzi
mitzie
mix
miyoko
mizner
mo
moceanu
modesta
modesto
modine
moessbauer
moffatt
mohamed
mohammad
mohammed
moir
moira
moises
molina
moll
mollie
molly
mona
monaco
mondale
mondriaan
monet
monica
monika
monique
moniz
monk
monkhouse
monnie
monroe
monserrate
monster
montagu
montaignes
montalban
montana
montand
monte
montessori
montgomerie
montgomery
monturiol
monty
moody
moon
moore
moorehead
mora
moran
moravec
moray
more
moreau
moreno
morgan
moriah
moriarty
moriguchi
morihiro
morissette
morita
morley
morris
morrison
morrow
morse
morton
mosby
mose
moses
moshe
mosley
mosner
moss
most
mostel
mother
motherwell
mott
mottelson
mouskouri
mowry
moyers
mozart
mozell
mozella
mozelle
mozilo
mudd
mueller
muhammad
muhlenberg
mui
muir
muldaur
mulgrew
mull
mullen
mullin
mulva
muma
muniz
munro
muoi
murdoch
murdock
muriel
murillo
murphy
murray
murrow
musburger
musial
musselwhite
musset
mussolini
mussorgsky
myers
myerson
myesha
myles
myong
myra
myriam
myrl
myrle
myrna
myron
myrta
myrtice
myrtie
myrtis
myrtle
myung
na
nabers
nabokov
nabors
nacchio
nada
nadaud
nadene
nader
nadia
nadine
naida
naipaul
nairne
naismith
naked
nakesha
nakia
nakisha
nakita
nam
namath
namie
nan
nana
nancee
nancey
nanci
nancie
nancy
nanette
nannette
nannie
naoma
naomi
naoto
napier
napoleon
narcisa
nash
nasser
natacha
natalia
natalie
natalya
natasha
natashia
nathalie
nathan
nathanael
nathanial
nathaniel
nation
natisha
natividad
natosha
navratilova
neal
neale
neaves
nebrija
necole
ned
neda
nedra
neel
neely
neeson
negrete
nehru
neida
neil
neill
neilson
nelda
nelia
nelida
nell
nella
nelle
nellie
nelly
nelson
nemirow
nena
nenita
neoma
neomi
nereida
nerissa
neruda
nery
nesmith
nestor
neta
netanyahu
nettie
nettles
neutra
neva
nevada
neville
newbolt
newby
newhart
newley
newman
newsted
newton
nga
ngan
ngoc
nguyet
nia
nichelle
nichol
nicholas
nichole
nicholle
nichols
nicholson
nick
nicki
nickie
nicklaus
nickolas
nickole
nicks
nicky
nicol
nicola
nicolas
nicolasa
nicole
nicolette
nicolle
nida
nidia
nielsen
niesha
nietzsche
nieves
nigel
nightingale
niki
nikia
nikita
nikki
nikole
nila
nilda
nilsa
nimoy
nin
nina
ninfa
niro
nisha
nishimura
nita
niven
nixon
noah
nobel
noble
nobuko
noe
noel
noelia
noella
noelle
noemi
nohemi
noia
nokku
nola
nolan
nolte
noma
nona
noone
nora
norah
norbert
norberto
norcross
nordstrom
noreen
norene
noriko
norine
noriyuki
norma
norman
normand
norris
north
norton
noseworthy
notebaert
nova
novak
novella
novello
noyes
nu
nubia
nugent
nunn
nureyev
nyberg
nydia
nye
nyla
nyro
o'brian
o'brien
o'connell
o'connor
o'day
o'doherty
o'donnell
o'faolain
o'hagan
o'hara
o'hare
o'keeffe
o'malley
o'meara
o'neal
o'neill
o'reilly
o'rourke
o'sullivan
o'toole
oakley
oates
obdulia
ochoa
ocie
octavia
octavio
oda
odelia
odell
odessa
odette
odilia
odis
odland
ofelia
okri
ola
olajuwon
oldman
olen
olene
oleta
olevia
oleynik
olga
olimpia
olin
olinda
oliva
olive
oliver
olivia
olivier
ollie
olmos
olmsted
olsen
olympia
oma
omar
omega
omer
ona
onassis
ondaatje
oneida
onie
onita
onnes
ono
opal
ophelia
ora
oralee
oralia
orbison
oren
oretha
orlando
ormandy
orozco
orpha
orr
ortega
orval
orville
orwell
osborn
osbourne
oscar
osgood
osheroff
osment
osmond
ossie
ossman
osvaldo
oswald
oswaldo
otelia
otha
otilia
otis
otto
otway
ouida
outlaw
overbury
owen
owens
oz
ozawa
ozell
ozella
ozie
pa
paar
pablo
pace
pacino
paganini
page
paige
paine
pais
palance
palgrave
palillo
palladio
palma
palmer
palmira
paltrow
pam
pamala
pamela
pamelia
pamella
pamila
pamula
pandora
pansy
paola
papa
papas
papp
paquin
paris
parker
parks
parnell
parrish
parsons
parthenia
particia
parton
pascal
pasquale
pasternak
pasteur
pat
patchen
patel
paterno
patience
patinkin
patmore
patria
patrica
patrice
patricia
patrick
patrina
patsy
patten
patterson
patti
pattie
patton
patty
paul
paula
paulene
pauletta
paulette
pauley
pauli
paulina
pauline
pauling
paulita
paulson
pavarotti
pavlov
paycheck
payne
payson
payton
paz
peale
pearl
pearle
pearlene
pearlie
pearline
pearly
peart
peary
peck
peckinpah
pedro
peebles
peele
peet
peggie
peggy
pei
pelayo
pelli
pendergrass
penelope
penick
penn
penney
penni
pennie
penny
penzias
peppard
pepper
percival
percy
perelman
perez
perkins
perl
perla
perlegos
perlman
peron
perot
perrin
perrine
perry
pershing
pesci
pestillo
pete
peter
peters
petersen
peterson
petra
petrina
petronila
petty
pfeiffer
phanstiel
phebe
phil
philbin
philip
philips
phillip
phillippe
phillips
phillis
philomena
phippen
phoebe
phoenix
phung
phuong
phylicia
phylis
phyliss
phyllis
pia
piaget
piatt
piazza
picasso
piccirilli
pichler
pickens
pickett
pickford
pidal
piedad
pierce
pierpont
pierre
pigott
pilar
pinchot
pinckney
ping
pinkie
pinter
piper
pippen
piscopo
pitt
pitts
pizarro
place
planck
plank
plant
plath
plato
player
pleasence
pleshette
plimpton
plummer
podany
poe
poindexter
poitier
pok
polanski
polk
pollard
pollock
pollok
polly
pomfret
pompidou
pond
ponti
pop
pope
porfirio
porizkova
porsche
porsha
porter
porteus
portia
portman
poses
posey
post
postl
poston
potashner
potok
potter
pound
pournelle
povich
powell
power
powers
praed
preminger
prentiss
presley
presnell
preston
previn
price
pricilla
pride
priestley
prima
primrose
prince
princess
principal
prinze
prior
priory
priscila
priscilla
probst
procter
proctor
prokhorov
prophet
proudfit
proulx
providencia
provine
prowse
prudence
pryor
puckett
puente
pulitzer
pulliam
pura
purcell
purvis
putin
puzo
puzzo
pym
pynchon
pyott
qiana
quaid
quarles
quatro
quayle
queenie
quentin
quesada
quesnel
questrom
quevedo
quiana
quincy
quinn
quintanilla
quintero
quintin
quinton
quivers
quyen
rabbit
rabelais
rabi
rachael
rachal
racheal
rachel
rachele
rachell
rachelle
rachmaninoff
racquel
radcliffe
radner
rady
rae
raeann
raelene
rafael
rafaela
raguel
raina
raines
rains
rainwater
raisa
raitt
raleigh
ralph
raman
ramiro
ramis
ramon
ramona
ramonita
rampal
ramsey
rana
ranae
rand
randa
randal
randall
randee
randell
randi
randolph
randy
ranee
ransford
raphael
raquel
rashad
rasheeda
rashida
rasputin
rastetter
rathbone
rather
ratzenberger
raul
ravel
raven
rawls
ray
rayburn
raye
rayford
rayleigh
raylene
raymon
raymond
raymonde
raymund
raymundo
rayna
razmilovic
rea
read
reagan
realf
reanna
reasoner
reatha
reba
rebbeca
rebbecca
rebeca
rebecca
rebecka
rebekah
reda
redding
reddy
redford
redgrave
redstone
reece
reed
reena
reese
reeve
reeves
refugia
refugio
regan
regena
regenia
reggie
regina
reginald
regine
reginia
reich
reid
reiko
reilley
reilly
reina
reinaldo
reiner
reines
reiser
reita
rema
remedios
remick
remona
rena
renae
renaldo
renata
renate
renato
renay
renda
rene
renea
renee
renetta
renfro
renita
renna
rennie
reno
renoir
renwick
renyi
ressie
reta
retha
retta
retton
reuben
reubens
reva
revere
revolution
rex
rey
reyes
reyna
reynalda
reynaldo
reynolds
reznor
rhames
rhea
rheaume
rheba
rhett
rhiannon
rhoda
rhodes
rhona
rhonda
rhymes
ria
ribas
ribeiro
ricarda
ricardo
ricci
rice
rich
richard
richards
richardson
richelle
richie
richler
richter
richthofen
rick
rickey
ricki
rickie
rickles
rickman
ricky
rico
ridder
riddle
ride
rigas
rigby
rigg
riggio
rigoberto
rijn
rikki
riley
rima
rimbaud
rimes
rina
ringling
ringo
ringwald
rinna
ripken
ripley
risa
risinger
rita
ritchard
ritter
riva
rivera
rivero
rivers
rivka
rizzuto
roach
roath
rob
robards
robbi
robbie
robbin
robbins
robby
robbyn
robena
robert
roberta
roberto
roberts
robertson
robeson
robin
robinson
robison
robles
robson
robt
robyn
rocco
roche
rochel
rochell
rochelle
rocio
rock
rockefeller
rockne
rockwell
rocky
rod
roddenberry
rodeback
roderick
rodger
rodgers
rodin
rodman
rodney
rodolfo
rodrick
rodrigo
rodriguez
roelandts
roentgen
roessler
rogel
rogelio
roger
rogers
rohde
rohe
rohr
rohrer
rojas
roker
roland
rolanda
rolande
rolando
rolf
rolland
rolle
rollers
rollins
roma
romaine
roman
romana
romano
romelia
romeo
romero
romijn
romona
ron
rona
ronald
ronda
roni
ronna
ronni
ronnie
ronny
ronstadt
rooney
roosevelt
rory
rosa
rosalba
rosalee
rosalia
rosalie
rosalina
rosalind
rosalinda
rosaline
rosalva
rosalyn
rosamaria
rosamond
rosana
rosann
rosanna
rosanne
rosaria
rosario
rosaura
roscitt
roscoe
rose
roseann
roseanna
roseanne
roselee
roselia
roseline
rosella
roselle
roselyn
rosemarie
rosemary
rosen
rosena
rosenda
rosendo
rosenthal
rosetta
rosette
rosia
rosie
rosina
rosio
rosita
roslyn
ross
rossana
rossdale
rossellini
rossetti
rossie
rossiter
rostand
rosy
roth
rouhana
roundtree
rourke
rousseau
rowan
rowe
rowena
rowland
rowlands
rowling
roxana
roxane
roxann
roxanna
roxanne
roxie
roxy
roy
royce
roydon
rozanne
rozella
rozelle
rubbia
ruben
rubens
rubenstein
rubi
rubie
rubik
rubin
ruby
rubye
ruck
rudolf
rudolph
rudy
rueben
rufina
rufus
ruiz
rukeyser
runyon
rupert
rusedski
rushdie
ruska
ruskin
russ
russel
russell
russert
russo
rusty
ruth
rutha
ruthann
ruthanne
ruthe
rutherford
rutherfurd
ruthie
ryan
ryann
rydell
ryder
ryle
ryo
ryoko
ryouko
ryuichi
ryutaro
rzeznik
saavedra
sabatini
sabato
sabina
sabine
sabio
sabovcik
sabra
sabrina
sacha
sachiko
sacks
sadakazu
sadako
sadat
sade
sadie
sadye
safer
safire
sagan
sage
saget
sahl
saint
sainte
sajak
sal
salam
salazar
salena
sales
salina
salinas
salinger
salis
salk
salley
sallie
sally
salome
salonga
salvador
salvatore
salzman
sam
samantha
samara
samatha
samella
samira
sammie
sammy
sampras
sampson
samual
samuel
sana
sanda
sandburg
sandee
sanders
sanderson
sandford
sandi
sandie
sandino
sandler
sandra
sandy
sanford
sang
sanger
sangster
sanjuana
sanjuanita
sanora
santa
santamaria
santana
santayana
santiago
santina
santo
santoro
santos
sapp
sara
sarah
sarai
saran
sarandon
sargent
sari
sarina
sarita
sarnoff
saroyan
sartre
sarvadi
sasha
sassoon
satre
saturnina
sau
saul
saundra
savage
savalas
savanna
savannah
sawa
sawyer
saxe
scaggs
scarlet
scarlett
schack
schaefer
schaeffer
schallert
schawlow
scheib
scheider
schell
schenkel
schidoni
schiff
schiffer
schiller
schindler
schjerven
schlafly
schlee
schlesinger
schlessinger
schmidt
schneider
schotter
schow
schrader
schreiber
schrieffer
schroder
schroeder
schroedinger
schuessler
schull
schulz
schulze
schumacher
schuman
schwab
schwartz
schwarzenegger
schwarzkopf
schweitzer
schwimmer
schwinger
sciorra
sclavos
scofield
scolari
scorsese
scot
scots
scott
scottie
scotty
scowcroft
scricco
scrushy
scully
seagal
seaman
sean
sears
seau
seaver
sebastian
seberg
sebrina
sedaine
sedaka
seeger
seema
segal
seger
segovia
segre
seidel
seiko
seinfeld
selden
selena
selene
seles
selina
sellecca
selleck
sellers
selma
selznick
sena
senaida
sendak
sennett
september
serafina
serena
sergio
serina
serita
serling
serneholt
serra
servet
seth
seton
setsuko
seurat
seuss
sevareid
severinsen
sevilla
sewall
seward
sewell
seymour
sha
shackouls
shad
shae
shaffer
shaina
shakespeare
shakia
shakira
shakita
shakur
shala
shalala
shalanda
shalon
shalonda
shameka
shamika
shan
shana
shanae
shanahan
shanda
shandi
shandling
shandra
shane
shaneka
shanel
shanell
shanelle
shani
shanice
shanika
shaniqua
shanita
shankar
shanna
shannan
shannon
shanon
shanta
shantae
shantay
shante
shantel
shantell
shantelle
shanti
shaquana
shaquita
shara
sharan
sharda
sharee
sharell
sharen
sharer
shari
sharice
sharie
sharif
sharika
sharilyn
sharita
sharla
sharleen
sharlene
sharmaine
sharolyn
sharon
sharonda
sharp
sharri
sharron
sharyl
sharyn
shasta
shatner
shaughnessy
shaun
shauna
shaunda
shaunna
shaunta
shaunte
shavon
shavonda
shavonne
shaw
shawana
shawanda
shawanna
shawn
shawna
shawnda
shawnee
shawnna
shawnta
shay
shayla
shayna
shayne
shea
shearer
shearing
sheba
sheedy
sheehan
sheen
sheena
sheffer
sheffield
sheila
sheilah
sheindlin
shek
shela
shelba
shelby
sheldon
shelia
shella
shelley
shelli
shellie
shelly
shelton
shemeka
shemika
shena
shenika
shenita
shenna
shenstone
shepard
shepherd
shera
sheree
sherell
sheri
sherice
sheridan
sherie
sherika
sherill
sherilyn
sherise
sherita
sherlene
sherley
sherly
sherlyn
sherman
sheron
sherrell
sherri
sherrie
sherril
sherrill
sherron
sherry
sherryl
sherwin
sherwood
shery
sheryl
sheryll
shiela
shields
shila
shiloh
shin
shira
shire
shirely
shirl
shirlee
shirleen
shirlene
shirley
shirly
shizue
shizuko
shockley
shoemaker
shon
shona
shonda
shondra
shonna
shonta
shore
short
shorthouse
shoshana
shostakovich
shougo
shreve
shriver
shu
shue
shulkin
shyamalan
shyla
sibelius
sibyl
sid
sidhu
sidney
siebel
siegbahn
siegel
sierra
signe
signoret
sigrid
silas
sills
silva
silvana
silveira
silverheels
silveria
silverman
silvers
silverstein
silverstone
silvia
sima
simmons
simon
simona
simone
simonne
simpson
sims
sina
sinatra
sinclair
sindy
sinegal
sinise
siobhan
siqueiros
sirena
sirmond
siskel
siu
sixta
skelton
skilling
skinner
skye
slater
slayer
slick
sliwa
slyvia
small
smiles
smiley
smirnoff
smith
smits
smollett
smothers
snipes
snodgress
snow
snowdon
snyder
sobieski
socorro
sofia
soila
sol
sola
solange
soledad
solomon
solso
somer
somers
sommer
somtow
son
sona
sondheim
sondra
sonia
sonja
sonny
sonya
soo
sook
sophia
sophie
soraya
sorvino
sosa
sothern
soto
soueif
soul
sousa
sousuke
southern
southerne
southey
sowell
spacek
spacey
spader
spark
sparkle
spassky
spearitt
spears
spelling
spellman
spencer
spenser
sperling
spice
spielberg
spillane
spina
spiner
spinks
spitz
spock
spofford
sprague
spring
springer
springfield
springsteen
squire
st john
stacee
stacey
staci
stacia
stacie
stack
stacy
stafford
stahl
staley
stalin
stallone
stamos
stamp
stan
stanford
stang
stanhope
stanley
stanton
stanwyck
stapleton
star
stargell
stark
starla
starr
stasia
staubach
stedman
steel
steele
steen
stefan
stefani
stefania
stefanie
stefany
steffanie
steiger
stein
steinbeck
steinberger
steinbrenner
steinem
steiner
stella
stemberg
stengel
stepanie
stephaine
stephan
stephane
stephani
stephania
stephanie
stephanopoulos
stephany
stephen
stephenie
stephenson
stephine
stephnie
sterling
stern
sterne
sternhold
sternlicht
steve
steven
stevens
stevenson
stevie
stewart
stiers
stiles
still
stiller
stills
stine
stipe
stockman
stockwell
stoddard
stoker
stokowski
stoltz
stone
stonecipher
stookey
stoppard
storch
storey
storm
storms
stormy
story
stoughton
stowe
stowell
strait
strasberg
stratton
straub
straus
strauss
stravinsky
strawberry
streep
street
streisand
stretch
strong
strug
struthers
strutt
stuart
sturges
su
suanne
subaru
suckling
sudie
sue
sueann
suellen
suk
sulema
sullivan
sumiko
summer
summerall
sunday
sung
sunni
sununu
susan
susana
susann
susanna
susannah
susanne
susie
susskind
susy
sutherland
suvari
suzan
suzann
suzanna
suzanne
suzette
suzi
suzie
suzy
svetlana
swain
swan
swanson
swayze
sweeny
sweeten
sweetin
swienton
swift
swinburne
swit
switzer
swoopes
swoops
sybil
syble
sydney
sydow
sylvester
sylvia
sylvie
symonds
synthia
syreeta
syron
syrus
ta
tabatha
tabb
tabetha
tabitha
tad
taft
tai
taina
taisha
tajuana
takac
takahiro
takako
takashi
takisha
takizawa
talbot
talfourd
talia
talisha
talitha
tallchief
tam
tama
tamala
tamar
tamara
tamatha
tamblyn
tambra
tameika
tameka
tamekia
tamela
tamera
tamesha
tami
tamica
tamie
tamika
tamiko
tamio
tamisha
tamm
tammara
tammera
tammi
tammie
tammy
tamra
tana
tandra
tandy
taneka
tanesha
tangela
tania
tanika
tanisha
tanja
tanna
tanner
tannoudji
tanya
tapies
tara
tarah
tarantino
taren
tari
tarkenton
taro
tarra
tarsha
tartt
taryn
tasha
tashia
tashina
tasia
tatar
tate
tati
tatiana
tatum
tatyana
taunya
taurel
tawana
tawanda
tawanna
tawna
tawny
tawnya
tayback
taylor
tayna
tchaikovsky
ted
teddy
teena
tegan
teisha
telma
tem
temeka
temika
tempie
temple
tena
tenesha
teng
tenisha
tennie
tennille
tennyson
teodora
teodoro
teofila
tequila
tera
tereasa
terence
teresa
terese
teresia
teresita
teressa
teri
terica
terina
terisa
termeer
terra
terrance
terrell
terrence
terresa
terri
terrie
terrilyn
terry
tesh
tesha
tesla
tess
tessa
tessie
tetsuya
tewes
thackeray
thad
thaddeus
thalia
thanh
thao
tharp
thatcher
thaxter
thayer
thea
theda
thelma
theo
theobald
theodora
theodore
theola
theotocopoulos
theresa
therese
theresia
theressa
theron
thersa
thi
thicke
thiessen
third
thomas
thomasena
thomasina
thomasine
thompson
thomson
thora
thoreau
thornbury
thorne
thornton
thorpe
thrale
thresa
thumb
thurber
thurman
thurmond
thuy
tia
tiana
tianna
tiara
tickell
tiegs
tien
tiera
tierra
tiesha
tifany
tiffaney
tiffani
tiffanie
tiffany
tiffiny
tijerina
tijuana
tilda
tillie
tillis
tillman
tillotson
tilly
tilton
tim
timberlake
timika
timmerman
timmons
timmy
timothy
timpe
tina
ting
tinisha
tinker
tisa
tisch
tish
tisha
tittle
titus
toal
toan
tobeck
tobi
tobias
tobie
tobin
toby
toccara
tod
todd
toffler
toi
toki
toko
tolkien
toll
tolstoy
tom
tomas
tomasa
tomasetta
tombaugh
tomei
tomeka
tomi
tomiichi
tomika
tomiko
tomlin
tommie
tommy
tommye
tomnitz
tomoko
tomomi
tomonaga
tomoyasu
tona
tonda
tonette
toney
toni
tonia
tonie
tonisha
tonita
tonja
tony
tonya
toplady
tora
tori
torie
tork
torme
torn
torre
torres
torri
torrie
tory
toscanini
tosha
toshia
toshiki
toshiko
toshinobu
tourneur
tova
tow
towanda
townes
townley
townshend
toya
tracee
tracey
trachtenberg
traci
tracie
tracy
trajano
trammell
tran
trang
trani
travanti
travers
travis
travolta
treacher
treasa
trebek
treena
tremain
trena
trent
trenton
tresa
tressa
tressie
treva
trevino
trevor
trey
tricia
trina
trinh
trinidad
trinity
trish
trisha
trista
tristan
trowbridge
trower
troy
trudi
trudie
trudy
trula
truman
trumbull
trump
truth
tse
tsui
tsutomu
tsuyoshi
tu
tuan
tubman
tucci
tucker
tula
tune
tung
tupper
turing
turlington
turner
turturro
tusser
tutu
tuyet
twain
twana
twanda
twanna
twila
twitty
twyla
ty
tyesha
tyisha
tyler
tynisha
tyra
tyree
tyrell
tyron
tyrone
tyson
uchida
uecker
uggams
uhland
ula
ullman
ullmann
ulrich
ulrike
ulvaeus
ulysses
un
una
unamuno
underwood
unitas
unser
unsworth
updike
urban
urich
uris
ursula
usha
usher
usteri
ustinov
ute
vaca
vaccaro
vada
val
valarie
valda
valdivia
valencia
valene
valens
valentin
valentina
valentine
valentino
valenzuela
valeri
valeria
valerie
valery
valle
vallee
vallejo
valli
vallie
valorie
valrie
van
vance
vanda
vanderbilt
vanesa
vanessa
vanetta
vania
vanita
vanna
vannesa
vannessa
vashti
vasiliki
vaughan
vaughn
vauvenargues
veda
vedder
vega
velda
velia
vella
velma
velva
velvet
vena
venessa
venetta
venice
venita
vennie
venning
ventura
venturi
venus
veola
vera
verda
verdell
verdi
verdie
verdon
vereen
verena
vergie
verhoeven
verla
verlene
verlie
verline
vermeer
vern
verna
verne
vernell
vernetta
vernia
vernice
vernie
vernita
vernon
verona
veronica
veronika
veronique
versace
versie
vertie
vesta
veta
vi
vicenta
vicente
vichy
vickey
vicki
vickie
vicky
victor
victoria
victorina
vida
vidal
vie
vieuzac
vigoda
viii
viki
vikki
villa
villon
vilma
vina
vince
vincent
vincenza
vincenzo
vinci
vinita
vinnie
vinton
viola
violet
violeta
violette
virgen
virgie
virgil
virgilio
virgina
virginia
vita
vitale
vitito
vito
viva
vivaldi
vivan
vivian
viviana
vivien
vivienne
vleck
voight
voltaire
von
voncile
vonda
vonnegut
vonnie
vumbacco
waals
wade
wadlow
waggoner
wagner
wagoner
wahlberg
wai
waldo
wales
walesa
walken
walker
wallace
wallach
wallenberg
waller
wally
walpole
walsh
walston
walter
walters
walton
waltraud
waltrip
wambaugh
wambold
wan
wanda
waneta
wanetta
wanita
wapner
ward
warden
wardinski
wardrop
warhol
warmenhoven
warner
warren
warton
warwick
washington
washow
waterman
waters
waterston
watson
watt
watterson
watts
wava
wayans
waylon
wayne
weatherup
weaver
webb
webber
webster
wee
weelden
wei
weiland
weill
weinbach
weinberg
weiss
weissmuller
welch
weld
weldon
welk
welles
wellesley
wellingtons
wellman
wells
welty
wen
wendell
wendi
wendie
wendolyn
wendt
wendy
wenona
werner
wert
wes
wesley
west
westerberg
westheimer
westinghouse
weston
wexler
wexner
wheaton
wheeler
whisler
whitacre
white
whitehead
whitley
whitman
whitmore
whitney
whittaker
whittier
whittle
whitwam
whyte
wickham
widmark
wien
wiest
wigdale
wigner
wilber
wilbert
wilbur
wilburn
wilcox
wilda
wilde
wilder
wiley
wilford
wilfred
wilfredo
wilhelmina
wilhemina
wilkins
wilkinson
willa
willard
willena
willene
willetta
willette
willey
willia
william
williams
williamson
willian
willie
williemae
willis
willodean
willow
willy
wilma
wilmer
wilmers
wilmot
wilson
wilton
winchell
windom
windsor
windy
winfield
winford
winfred
winfrey
winger
winifred
winkler
winnie
winnifred
winningham
winona
winslet
winsor
winston
winter
winters
winthrop
winton
winwood
wise
wither
witherspoon
wittig
wm
wolcot
wolfe
wolff
womack
wonda
wonder
wood
wooden
woodring
woodrow
woods
woodward
woodworth
woolf
woolsey
wordsworth
workers
worley
wotton
wow
wozniak
wray
wren
wright
wrigley
wyatt
wyeth
wyle
wyman
wynell
wynette
wynn
wynona
xavier
xenia
xiao
xiaoping
xiomara
xochitl
xuan
yadira
yaeko
yael
yahaira
yajaira
yamaguchi
yan
yang
yanira
yankovic
yankowski
yarborough
yarrow
yasmin
yasmine
yastrzemski
yasuko
yasushi
yeager
yeats
yee
yelena
yeltsin
yemenidjian
yen
yeoh
yer
yesenia
yessenia
yetta
yevette
yi
ying
yoko
yolanda
yolande
yolando
yolonda
yon
yong
york
yorke
yoshie
yoshikazu
yoshiko
yost
yothers
youlanda
young
younger
youngman
yount
yu
yuen
yuette
yuk
yukawa
yuki
yukiko
yuko
yulanda
yumi
yun
yung
yuonne
yuri
yuriko
yurizinov
yvette
yvone
yvonne
yzerman
zachariah
zachary
zachery
zack
zackary
zada
zadora
zaharias
zahn
zaida
zana
zandman
zandra
zane
zangwill
zapata
zappa
zavatsky
zebeck
zech
zeeman
zeffirelli
zelazny
zelda
zella
zellweger
zelma
zemeckis
zemin
zena
zenaida
zenia
zenobia
zerbe
zernike
zeta
zetta
zhang
ziering
zima
zimbalist
zimmerman
zina
zita
zoe
zofia
zoila
zola
zollars
zona
zonia
zora
zoraida
zorrilla
zucaro
zula
zulema
zulma
zwillman