proc.
oxford
press
phd
thesis
presentation
workshop
proceedingsof
prentice
proc
january
february
march
april
may
june
july
august
september
october
november
december
international
national
conference
conferences
journal
journals
annual
proceeding
proceedings
aaa
aaai
aacc
aadebug
aae
aaecc
aahe
aai
aaim
aamas
aapg
aapos
aaps
aass
aastaraam
aat
aatcc
abdom
abdulaziz
abh
abhand
abil
abis
aborig
abp
abstr
abus
acad
academie
acal
acarol
acc
accessnets
accg
accid
accs
accv
aceites
acemp
acg
achi
aci
acii
aciids
acisicis
acisp
acit
acivs
acj
acl
acl2
acm
acm/csc
acmace
acmicec
acmmsp
acoft/aos
acom
acoust
acp
acpc
acquis
acquisit
acr
acri
acs
acsac
acsc
acsd
acse
acsip
acsms
acst
acsw
acta
actac
actas
actea
actes
activ
actuar
acust
ada
adb
adbis
adbt
adc
adcog
adcom
adcs
addit
adfs
adfsp
adg
adhes
adis
adl
adm
adma
admf
adolesc
adolesce
adsorpt
adt
adv.
advan
advcomp
advis
aem
aem2c
aemc
aepia
aer
aerocs
aerodyn
aeromechanics
aeron
aeronaut
aeronomy
aerosp
aersol
aes
aesthet
aeu
aevum
afcs
aff
affilia
afin
afips
afp
afpac
afr
africacrypt
african
africon
afrigraph
afro
afss
agdm
agec
ageing
aggress
agi
agiledc
agp
agr
agrar
agreem
agric
agro
agrobot
agroecosyst
agroforest
agron
agrophys
agrotec
agtive
agua
ahs
ahswn
ai&m
ai*ia
ai@50
aia
aiaa
aiaws
aiche
aici
aicom
aicps
aics
aict
aidm
aied
aiedam
aies
aifipp
aihas
aii
aiia
aiide
aimdm
aime
aiml
aimsa
aimsec
aina
aintec
aipr
airweb
ais
aisadm
aisc
aisig
aism
aisp
aispas
aispc
aiworc
ajidd
ajs
akad
aktuel
alart
alea
alenex
aleph
alg
algebr
algol
algosensors
alife
aller
allerg
allergol
allerton
allg
allgemein
alloc
alpit
alpuk
altern
altex
alz
alzheimer
alzheimers
ama
amai
amast
ambiente
amc
amcp
amcs
amdo
amec
amer
american
amet
amfg
ami
amicd
amige
amine
amining
amire
amlcd
amphibia
amr
ams
amta
amuem
amyloid
amyotroph
anadolu
anaesth
anaesthesiol
anaesthesiology
analele
analg
analytica
analytical
anasthesiol
anat
anatom
ancs
andean
andescon
androl
andrology
anesth
anesthesiol
angeiol
angelaki
angew
anglia
anglo
anim
animat
animma
anlp
ann
anna
annales
annee
annes
announc
annpr
anns
annu
anom
anorg
anq
ansoft
anss
antarct
antem/ursi
antenn
anthr
anthropol
antibiot
antikes
antimicrob
antioxid
antisense
antivir
anton
antsw
anwend
anz
anziam
anziis
aoac
aoe
aom
aor
aosd
aose
ap2ps
apads
apal
apaqs
apbc
apbitm
apbme
apbp
apca
apcc
apccas
apccm
apchi
apcip
apec
apede
apeie
apgv
apher
apheresis
apicult
apin
apjor
apl
aplas
apm
apmc
apmis
apmrc
apms
apn
apnoms
apos
appeec
appl
applicat
apprais
aprasc
aprendiz
apsar
apscc
apsec
apsitt
apsursi
aptc
apvis
apwam
apwc
apwcs
apweb
aqsdt
aqtr
aquac
aquacult
aquat
arab
arachnol
arb
arch.
archaeobotany
archaeol
archaeologies
archeol
archipel
archit
archive:
arct
arftg
argmas
arh
ari
ariel
arith
arithmet
arizona
arobots
aromat
arq
ars
arscom
arso
artcom
artdb
arterioscler
arthroplasty
arthrosc
arthroscopy
artif
artmed
arvlsi
arvore
arznei
asaio
asbc
asc
ascc
ascilite
asdam
ase
asea
asemd
asense
ashe
ashrae
asi
asia
asiacrypt
asiams
asian
asiasim
asic
asid
asilomar
asist
aslib
asm
asmc
asms
asmta
asoc
asonam
asos
asot
aspcas
aspekte
asplos
asqed
asr
asru
asscc
assur
ast
asta
astin
astrobiol
astrofis
astron
astronom
astropart
astrophys
aswc
aswn
aswsd
async
atal
atc
aten
athenaeum
atheroscler
athl
atla
atm
atmos
atnac
atomization
ats
atten
atva
atw
audiol
augenheilk
augenheilkd
auic
aupec
aure
aus
ausctw
ausdm
ausforensics
ausg
aussois
aust
australas
australia
ausweb
auswireless
autest
autoid
autoimmun
autom
automat
automot
auton
autonom
autonomics
auv
avbpa
avfop
avi
avia
aviat
avss
awcc
awic
awoc
axmedis
babesch
bacteriol
bakt
balt
banach
bangladesh
bapmam
bariatr
basna
bba
bcaa
bcc
bcec
bcfic
bcgbc
bcgin
bci
bcn
bcs
bda
bdim
bec
bedrijfs
beh
behav
behaviour
behaviour&it
beijing
beilstein
belarusi
belg
benthol
beprl
berl
bertinoro
beton
bia
bibe
bibm
bibmw
bicta
bife
bijdr
bijdragen
biling
bioacoustics
bioact
bioadit
bioanal
bioavailab
biobank
biobased
biobehav
biocas
biocatal
biochem
biochim
biochimica
biochip
biocomp
biocontrol
biodegrad
biodeterior
biodivers
bioelectrochem
bioelectron
bioenerg
bioenergy
bioeng
bioet
bioeth
bioethical
biofeedbac
biofuels
biogeochem
biogeogr
biohem
bioinform
bioinformatics
bioinorg
bioinspir
biologique
biom
biomag
biomark
biomarker
biomater
biomech
biomed
biomembrane
biometeorol
biomim
biomol
bionetics
bioorg
bioorgan
biopharm
biophotonics
biophys
biophysica
biopreserv
bioprocess
bioprod
biopsychosocial
biorefining
bioremediat
bioresource
biorob
biosci
bioscience
biosciences
biosciencesworld
biosecur
biosens
biosig
biosoc
biostec
biosyst
biotech
biotechno
biotechnol
biotechnolog
bioterror
biotheor
biother
biotransform
biovis
biowireless
birte
biwit
biyomut
bjog
bju
blanche
bltj
bmas
bmc
bmcv
bmei
bmj
bmn
bmsb
bmvc
bnaic
bncod
bnt
bol
boreal
botan
bpm
bpsc
brachial
brasil
braz
brc
brit
brno
broadcast.
broadcom
broadnets
bronconeumol
brookings
bryol
bsb
bsdia
bsec
bsl
bsn
bss
bsym
btas
btw
buchar
buddhist
bul
bulg
bundesgesundheitsblatt
butsuri
bvai
bwcca
bwss
c&c
c&e
c++
c3s2e
caan
caap
caapwd
caatinga
cacm
cacsd
cad/graphics
cade
cadsm
cadui
caepia
cagd
cah
cahiers
cai
caia
caidcd
caine
caip
cais
caise
caivd
calc
calco
calif
calisce
calorim
calphad
camad
caman
camb
cambridge
camsap
canadian
canc
candc
canpc
caol
captech
carbohyd
carcin
carcinog
cardio
cardiol
cardiology:
cardiopulm
cardiothorac
cardiov
cardiovasc
cardis
care:
carnegie
carpathian
carr
cartogr
cas
casa
casc
cascon
casdmkm
casme
cason
cassis
cata
catal
cate
cau
cav
cavmag
cbaivl
cbe
cbmi
cbms
cbpa
cbse
cca
ccc
ccca
cccg
cccm
ccdc
cce
ccece
ccfp
ccgrid
ccie
ccis
ccl
ccm
ccmb
ccn
ccnc
ccpr
ccr
ccs
ccsc
ccsp
cctae
ccu
ccw
cdb
cdc
cdciem
cde
cdee
cdes
cds
cdve
ceas
cec
cec(wecwis)
cecnet
cecw
cee
ceem
ceemas
cefc
cefp
ceidp
celest
celok
cem
cenics
centralbl
centric
ceram
cere
cereb
cerebr
cerebrovasc
cerma
cervico
cesa
cesce
cesifo
cet
cfcp
cfip
cfp
cfw
cga
cgames
cgf
cgi
cgim
cgo
cgvr
chalcogenide
chang
chaperones
chapingo
charact
charme
chelonian
cheminf
chemistry(formerly
chemometr
chemosens
chemosphere
chemother
cherbs
ches
chiang
chil
chile
chim
chimie
chimit
chinacom
chinagrid
chinese
chinz
chir
chiropr
chiropt
chirurgie
chk
christentum
chromatogr
chron
chronobiol
cia
ciaa(wia)
ciac
ciarp
ciasg
cib
cibcb
cibec
cibim
cibse
cic
cica
cicc
ciccas
ciced
cicling
cicn
cics
cicsyn
cide
cidm
cidr
cidue
cie
cienc
ciencia
ciencias
cient
ciep
cifer
cig
cihsps
ciia
ciic
ciip
ciisp
ciit
cikm
cima
cimca
cimento
cimi
cimsa
cimsivp
cimsvp
cin
cinc
cinq
cinti
cip
cipls
cira
circ
circad
cirp
cis
cisda
cise
cisim
cisis
cism
cismod
cisp
ciss
cisse
cisst
cisw
cita
citc
citisia
citizensh
citres
civ
cive
civi
civr
civts
civvs
cjcdgcgt
cjmw
cjtcs
cla
clade
clays
cleandb
cleo
cleo/pacific
cleveland
clifford
clim
clima
climatol
clin
clor
cloudcom
cluj
clust
cmc
cmce
cmcvr
cmd
cme
cmes
cmg
cmgt
cmmr
cmos
cmot
cmpass
cmpb
cmpcon
cmpeur
cmples
cms
cmsb
cmsp
cmtc
cmv
cnds
cne
cnis
cnkbs
cnmt
cnna
cns
cnsdsp
cnsi
cnsm
cnsr
coagulat
cobep
cobuild
coc
cocosda
cocv
codata
codes+isss
coea
coen
coeur
cogann
cogart
cogn
cogsci
cogsima
cogsys
coinfo
colcom
coleopts
coletiva
coli
coling
colis
collaboratecom
coloproctology
colorectal
colour
columbia
comad
comb.
combinatorial
combust
comcas
comcom
comeas
comgeo
comite
commad
comme
commer
commonw
commun
commun.
communal/plural:
comnet
compar
compat
compcon
compd
compeng
compensat
compet
complife
complut
compon
compr
compsac
compsacw
compsec
compsens
compsystech
comptes
comput
comput.
computat
computationworld
comsig
comsis
comsnets
comsur
comsware
comunitaria
comwor
conatel
conchology
concr
cond
condens
conext
confl
congenit
conielecomp
conpar
conserv
conservacao
const
constr
consum
contam
contemp
contexto
contin
contr
contracept
contrib
contro
conv
convers
coodbse
coopis
coord
copd
coria
cornel
cornell
corros
cosec
cosit
cosm
cosmet
cosmochim
cosmol
cotim
couns
cowo
cpa
cpaior
cpc
cpe
cpem
cpm
cpmt
cpr
cpre
cpscom
cpsn
cql
cqr
cqre
cracov
cracoviensia
cranio
craniofac
crashworthiness
creat
creativ
crfsfs
crim
crimico
crimin
criminol
cris
crit
critis
criwg
croat
crohns
croix
crowncom
cruz
crv
crypto
cryptog
cryptogam
cryst
crystallogr
cs&da
csa
csae
csb
csbw
csc
cscl
cscw
cscwd
csda
cse
csedu
csee&t
cseetw
cseworkshops
csfw
csi
csics
csie
csiirw
csjm
csl
cslp
csmr
csnt
cso
cspa
csqrwc
csr
csreaeee
csreahci
csreapsc
css
cssc
csse
cssim
cssr
csss
cssw
cstand
csur
csw/iprm
cswws
csys
ctc
ctit
ctrq
ctrs
cts
ctte
ctw
cuaj
culture,
curr
curric
cutan
cuu
cuza
cvbia
cvbvs
cve
cvgip
cviie
cviu
cvmp
cvpr
cvrmed
cvsm
cvvrhc
cwlan
cyberc
cybern
cybvis
cycl
cys
cyta
cytobiol
cytochem
cytogenet
cytokine
cytokines
cytol
cytologia
cytometry
cytopathol
cytoskeleton
czech
d&toc
d'otolaryngologie
d2h
daarc
dac
dach
dados
dafx
dai
daisd
dalt
dalton
damas
damon
dante
dao
dapsys
das
dasc
dasfaa
dasip
databases,
datamine
datascience
datenschutz
datensicherheit
dateso
dawak
db&is
dba
dbkda
dbpl
dbsec
dbsk
dbt
dbta
dcai
dcas
dcc
dcds
dceis
dcfts
dcg
dcoss
dcossw
dcw
ddb
ddecs
ddops
ddss
debu
decis
dedic
deds
deec
defence
degrad
delfi
delinq
delinquen
deliv
dem
dembs
dement
democr
demogr
demokratizatsiya:
densitom
dentomaxillofac
denver
depcos
depos
der
derg
deriv
dermato
dermatol
dermatopathol
des
desalin
dese
deterg
deut
deutsche
deutschen
dev
dexa
deyat
dfki
dfma
dfrws
dft
dfua
dgci
dgo
dia
diabesity
diabetol
diag
diagn
dialectol
dialog:
dic
dics
didactica
dielect
diergeneesk
dif
differen
diffr
diffus
digitel
digra
dils
dimea
dimva
diped
dir
disabil
disc(wdag)
discex
discov
discr
disegnare
disord
disp
disper
displ
dispos
diss
distrib
diweb
dix
dke
dksme
dlib
dlog
dls
dlt
dmamh
dmca
dmcc
dmdcm
dmdw
dmems
dmesp
dmg
dmin
dmisp
dmkd
dmo
dms
dmsn
dmtcs
dna
dnis
doa
doceng
doct
documentaliste
doki
dokl
dolap
domest
dood
dosim
douleur
douleurs
dpc
dpd
dpds
dppi
drc
drcn
drm
drmtics
drpt
drr
dsd
dsde
dse
dsl
dsml
dsmml
dsn
dsom
dsonline
dsp
dsp/spe
dsr
dsrt
dss
dsscv
dssns
dsv
dtis
dtj
dtsch
dtv
dux
dyn
dynam
dysmorphol
dyspan
e&i
e2emon
e4mas
eaai
eacl
eaeeie
eais
eait
earthq
earthqu
eascon
easss
eatcs
eatis
eau
ebiss
ebusiness
ec2nd
eca
ecai
ecai(workshop)
ecal
ecbi
ecbs
ecc
eccb
eccc
ecce
eccsc
ecctd
eccv
ecdl
eceasst
eceg
eceh
echocardiogr
echt
eci
ecir
ecis
eciw
eckm
eclet
eclogae
ecmast
ecmdafa
ecml
ecms
eco
ecoc
ecodesign
ecole
ecolo
econom
economet
econometrics
ecoop
ecoop(workshop)
ecosyst
ecotoxicol
ecows
ecp
ecquid
ecr
ecra
ecrime
ecrts
ecs
ecsa
ecscw
ecsqaru
ect
ectc
ectel
ecti
ecumn
ecwt
edaps
edbt
edbt(workshop)
edcc
edcomp
edinb
edinburgh
edm
edms
edos
edssc
edst
edt
edtc
eeee
eef
eeg
eeic
eelc
eemmas
eesms
eest
eextt
efis(efdbs)
egc
egcdmas
egice
egitaly
egpgv
egsr
eguk
ehci
ehealth
eic
eif
eik
eire
eiswt
eit
eitc
ejc
ejhp
ejis
ejor
ekaw
ekon
ekvacioj
elast
elastom
elec
eleco
electr
electr.
electroanal
electrocardio
electrocardiol
electroceram
electrochem
electrochemistry
electrochim
electromagn
electromotion
electromyograph
electron.
electrophysiol
electrostat
elegi
elektrotechniczny
elmar
elml
elp
elpub
elt
emap
emat
embc
embo
embryol
embto
emc
emceco
emceurope
emcsa
emdc
emeit
emerg
emergen
emisa
emj
emmcvpr
emnets
emnlp
emobility
empd
empir
emps
emrtw
emsoft
emts
emv
enase
enbeng
encephale
endm
endo
endoc
endocr
endocrine,
endocrinol
endod
endodont
endosc
endoscop
endothelium
endotoxin
endourol
endovasc
endovascular
energ
energycon
energytech
enfant
enferm
eng
engineering:
engineers,
engl
england
english
enhanc
enics
enm
ensino
ent
entcs
enterp
enterpren
entnet
entomol
entrep
entwickl
entwicklungspsychol
env
envir
environ
envsoft
enzym
enzymol
enzymology
eorsa
eos/esd
epe
epec
epeps
epew
epia
epidem
epidemiol
epidemiologic
epk
epodd
epqu
epri
eqec
equ
equat
equilib
er(ooer)
ercim
erde
ergod
ergon
ergonom
erlang
ersa
erwerbs
erzieh
erziehwiss
esa
esaim
esann
esars
esas
esaw
esc
escience
escinano
esciw
esdis
ese
esec
esem
esernet
esiat
eslsyn
esm
esmo
esoa
esop
esorics
espan
esporte
esref
esscirc
essderc
essent
essir
esslli
essmac
estc
esthet
estimedia
ests
estuar
estud
estudos
esug
eswa
esws
etacom
etai
etaps
etchb
etcs
etech
etelemed
etfa
ethik
ethiop
ethn
ethnobiol
ethnobiology
ethnogr
ethnol
ethnomedicine
ethnopharmacol
ethol
etlpds
etncc
etra
etri
etrics
ets
ett
etud
etx
euc
eucap
eufit
eukaryot
eumas
eumc
eumic
eunis
euprojects
eur
eurad
eurasia
eurasian
eurasip
eure
eurobot
eurocal
eurocast
eurocode
eurocolt
eurocrypt
eurodac
eurogp
eurographics
euroimsa
euroitv
euromicro
eurongi
europe
europe/eqec
europe/iqec
european
europki
eurosam
eurosime
eurospeech
eurospi
eurossc
eurosys
eurovav
eusflat
eusipco
euvip
eval
evaluat
evaporite
evid
evol
evoting
ewaed
ewc
ewcbr
ewdts
ewdw
ewimt
ewlr
ewmf
ewnlg
ewsa
ewspt
exactas
excell
exch
exemplaria
exerc
exergy
exot
expcs
expdb
expl
explor
explos
expr
expres
extr
fac
facil
facta
fai
fak
fam
fapr
faraday
farmacogn
fase
faseb
fates/rv
faw
fbie
fbit
fbw
fca
fccm
fcs
fcst
fct
fcv
fdbs
fdg
fdl
fdmpp
fdtc
febs
fecs
fedc
fel
fems
fenn
fennica
fernerkund
ferroelectr
ferroelectrics
fert
fertil
fett
feuill
fews
ffa
fflch/usp
fgcn
fgcns
fgcs
fgr
fibonacci
fibre
fibrinol
fibrinolysis
fibrogenesis
fibros
fics
filaria
filos
filtr
fimi
finan
financ
finans
fintal
fintdi
firb
firstmonday
fis
fisc
fisioter
fitme
fiw
fiz
fla
flai
flavour
fluct
fluoresc
fmcad
fmics
fmldo
fmoods
fmpc
fmsb
fmsd
fmse
fmsp
foci
focm
focs
fodo
foiks
fois
folia
foodborne
foramin
foren
formos
forsch
forst
forstwiss
fortschr
fose
fosm
foss
fossacs
fourier
fpa
fpca
fpga
fpl
fple
fpm
fpsac
fpt
fqas
fract
franklin
frauenheilk
fresen
fresenius
freshw
frict
frocos
frutic
fse
fsen
fsmnlp
fsr
fss
fsttcs
ftcgv
ftcit
ftcs
ftdb
ftdcs
fteda
ftfc
fthci
ftir
ftnet
ftpds
ftrtft
ftsig
ftsto
fttcs
ftweb
fuin
fujitsu
fullerene
fumca
func
funct
funda
fundam
funkc
futuretech
fws
gaas
gaasrw
gac
gaea
gaia
gallica
galop
gambl
gamenets
gamm
gard
gastroen
gastroent
gastroenterol
gastroenterology
gastrointest
gbpm
gbr
gca
gcb
gcc
gccb
gccsummit
gce
gcis
gcse
gdn
geburtsh
geburtshilfl
gecco
gecon
gedrag
gefahrst
geflugelk
gefs
gemic
gend
geneeskd
geneme
gener
genet
genetika
geneva
genit
genitourin
genom
genomic
genomics
gensips
geo
geoanal
geoarchaeology
geobios
geobot
geochem
geochim
geochronol
geod
geodin
geodynamics
geoenviron
geogr
geography.
geoinf
geoinfo
geoinformatics
geol
geolinguist
geolog
geomagn
geomech
geomembrane
geomicrobiol
geomorphologie
geophys
geoprocessing
georesour
georgian
geos
geosci
geoss
geostand
geosynth
geosyst
geotech
geotechnol
geotectonics
geotext
geotherm
geowiss
geows
ger
geriat
geriatr
geriatrie
german
gerontol
ges
gesnerus
gest
gesta
gesunde
gezondh
gfkl
gfp
gfpw
giae
gidr
giis
gil
gir
gis
gisci
glaciol
glaciology
glas
glasgow
glia
globecom
glq
glycoconjugate
glycosci
glycotechnol
gmai
gmmemv
gmpls
gnomon
golc
gondwana
gpc
gpem
gpr
gps
graef
granul
graphicon
grapp
grasas
grassl
gravit
grc
grec
greenh
grenzgeb
grey
gros
grs
gruppendynamik
gse
gsem
gsis
gsmm
gtitc
gttse
guid
gvd
gwem
gyn
gynaecol
gynakol
gynecol
haematol
haematologica
haematological
haemost
hagane
hahr
haid
hais
handchir
haptic
harv
harvard
hase
haskell
hcc
hcc(vl)
hci
hcmdss
hctp
hdms
hdp
healt
healthc
heilpraktiker
helgoland
hellenic
helminthol
helv
hematol
hematother
hemodial
hemostasis
hemother
henri
hepat
hepato
hepatol
heptaol
hered
herit
hermes
herpetol
heteroatom
heterocycl
heterog
heythrop
hfdc
hfpp
hfpsc
hfsp
hhbe
hibi
hibit
hics
hicss
hig
hij
hikm
hima
hinc
hipc
hipeac
hiroshima
hispan
hispania
hispanic
histelcon
histochem
histochemistry
histoire
histol
historia
history:
histotechnol
hitec
hiv
hkedm
hldvt
hlk
hlt
hmd
hmi
hoa
hokkaido
hol
holm
holonic
homel
homol
homotopy
honet
hong
hopkins
hopl
horiz
horm
hort
horti
hortic
horticult
hosa
hospit
hoti
hotos(wwos)
hotweb
houille
hous
hpca
hpcasia
hpcc
hpcmp
hpcn
hpcncs
hpcs
hpdc
hprcta
hpsr
hpts
hpw
hrc
hri
hscma
hsi
hsnc
hsnmc
hsnw
hst
htemds
hts
huazhong
humancom
humanit
hvc
hwws
hybridomics
hydraul
hydrobiol
hydrocarb
hydrochim
hydrocolloid
hydrodyn
hydrogeol
hydroinform
hydrol
hydrolog
hydromech
hydrometeorol
hyg
hypercube
hypertens
hypertext(uk)
hyperther
hypn
i&cps
i2mtc
i3d
iaai
iacc
iacet
iacp
iacsitsc
iadis
iadt
iajit
ialp
iama
iamot
iandc
iapec
ias
iasp
iasse
iasted
iastedccs
iastedci
iastedcsn
iastedse
iastedsea
iastedwtas
iat
iata
iaw
iawa
iawtic
ib2com
ibcast
ibed
iberamia
iberoam
ibmrd
ibmsj
ic4
ic4e
ica
ica3pp
icaart
icac
icacc
icacia
icact
icacte
icad
icadiwt
icadl
icae
icaee
icaie
icail
icais
icaisc
ical
icalip
icalp
icalt
icams
icann
icannga
icapr
icaps(aips)
icar
icara
icarcv
icaris
icas
icassp
icast
icat
icatt
icb
icba
icbake
icbbe
icbbt
icbecs
icbee
icbeia
icbem
icbme
icbpe
icc
icca
iccabs
iccad
iccae
iccaie
iccal
iccas
iccasm
iccbr
iccbss
iccc
icccas
icccct
iccce
icccet
iccci
icccn
icccs
iccct
iccd
iccda
iccdcs
icce
iccee
iccep
icces
iccet
iccg
iccgi
icchp
icci
icci(ieee)
iccic
icciis
iccima
iccit
iccl
iccm
iccms
iccnit
iccnmc
iccnt
iccon
iccp
iccpol
iccps
iccrd
iccs
iccsa
iccsc
iccse
iccsit
iccsn
iccsna
iccsp
iccsse
iccst
iccta
icctd
iccv
icdar
icdcit
icdcn
icdcs
icdcs(workshop)
icde
icdecom
icdfma
icdim
icdip
icdke
icdl
icdle
icdm
icdm2
icdma
icdp
icds
icdsc
icdt
iceaa
iceac
iceb
icebe
icec
iceccs
icece
icecom
icecs
icect
icedsa
icedtm
icee
iceea
iceec
iceed
iceei
icees
iceet
icefa
icegov
icehv
iceice
iceie
iceis
iceissam
iceit
icelet
icelie
icem
icemi
icemms
icems
icemt
icenco
iceoe
icept
icer
icesd
icess
icet
icetc
icetce
icete
icetect
icetet
icfca
icfcc
icfcsa
icfcse
icfhr
icfie
icfin
icfn
icfp
icfpc
icfpee
icfte
icga
icgcs
icgec
icgi
icgse
ichim
ichit
ichl
ichnos
ichps
ichqp
ichthyol
ichve
ici
icia
iciafs
iciap
iciapw
iciar
icias
iciasf
icic
icicci
icicdt
icici
icicic
icicip
icics
icicse
icict
icicta
icids
icie
iciea
icieca
iciecs
iciet
icife
icig
icii
iciii
iciis
icim
icima
icime
icimp
icimt
icin
icina
icinco
icinis
icip
icips
icira
icis
icisa
icisc
icise
icisip
icisp
iciss
icist
icit
icita
icitis
icits
icitst
iciw
icl
iclp(jicslp)
icls
iclsim
icm
icm2cs
icmai
icmas
icmb
icmcs
icmcta
icme(icmcs)
icmecg
icmee
icmens
icmet
icmi
icmit
icml
icmla
icmlc
icmmt
icmnn
icmree
icms
icmsao
icmse
icmt
icmtce
icmtma
icmts
icmv
icmwi
icn
icn/icons/mcl
icnc
icndc
icnds
icnf
icnic
icnit
icnm
icnnb
icnp
icns
icnsc
icoci
icod
icoin
icom
icomp
iconip
iconn
iconspace
icops
icorr
icos
icost
icp
icpadm
icpads
icpair
icpc
icpca
icpces
icpe
icpesa
icpia
icpim
icpp
icpp(workshop)
icpr
icpram
icps
icpw
icpwc
icqnm
icqr
icqr2mse
icqt
icra
icrccs
icresh
icrmem
icrms
icrtit
ics
icsap
icsc
icsccd
icsccn
icsccw
icscn
icsdm
icse
icsea
icsem
icseng
icses
icsess
icset
icsgrc
icsi
icsict
icsip
icsipa
icslp
icsm
icsma
icsmb
icsnc
icsnw
icsoc
icsoft
icsos
icsp
icspc
icspcs
icsps
icsr
icss
icsse
icsssm
icst
icste
icstm
ict
ict4m
icta
ictac
ictai
ictc
ictcs
ictd
icte
icter
ictke
ictl
ictm
ictma
icton
ictta
icu
icuct
icufn
icuimc
icumt
icupc
icut
icvc
icves
icvgip
icvr
icvs
icw
icwapr
icwcsc
icwe
icwits
icwl
icwmc
icwn
icws
icwsi
icwsm
icwus
icycs
ida
idaacs
idagp
idc
idc(w)
iddq
ideadh
idee
ident
idms
idt
idtrust
ie&em
iea/aie
iecbes
iecec
iecon
iecr
iedm
iee
ieec
ieee
ieee/afcea
ieee/leos
ieee/nagoya
ieee/nlm
ieee/oes
ieee/pes
ieee/ut
ieeeares
ieeecc
ieeecgiv
ieeecit
ieeei
ieeemm
ieeemsp
ieeescc
ieeexpo
ieem
ieice
iemdc
iemt
iemtim
iepol
iesa
iess
iet
iete
if&gis
ifcsta
ife
ifip
ifip11
ifis
ifita
ifl
ifm
iforest
ifost
ifsa
igarss
igcc
igf
igis
igpl
igtr
ihc
iheringia
ihis
ihm
ihmsc
iib
iicai
iicis
iicpe
iics
iih
iiix
iis
iiswc
iit
iita
iitc
iitsi
iiwas
ijac
ijacsa
ijahuc
ijait
ijamc
ijaose
ijar
ijbc
ijbidm
ijbis
ijbra
ijcai
ijcat
ijcbs
ijces
ijcga
ijcia
ijcim
ijcini
ijcis
ijcm
ijcnlp
ijcnn
ijcpol
ijcs
ijcsa
ijcss
ijcv
ijdar
ijde
ijdmb
ijdsn
ijdwm
ijeb
ijeh
ijes
ijet
ijfcs
ijgis
ijhci
ijhis
ijhpca
ijhpcn
ijhsc
ijia
ijict
ijiem
ijig
ijigs
ijiids
ijipt
ijiq
ijis
ijiscm
ijista
ijit
ijitdm
ijitm
ijitsa
ijitsr
ijkl
ijkm
ijlt
ijm
ijmc
ijmi
ijmie
ijmms
ijmpa
ijmpb
ijmpc
ijmpe
ijmr
ijmso
ijmtm
ijnm
ijns
ijnvo
ijoe
ijon
ijpeds
ijpp
ijprai
ijrfita
ijrqse
ijrr
ijsc
ijseke
ijsis
ijsm
ijsn
ijsnet
ijss
ijstm
ijswis
ijsysc
ijtaf
ijufks
ijvr
ijwbc
ijwet
ijwgs
ijwin
ijwis
ijwmc
ike
iktisat
illum
ilp
ilps/islp/naclp/slp
ima
imac
imag
imagin
imc
imcs
imcsit
imds
imec
imecs
imf
imfedk
imis
immagini
immun
immuno
immunoass
immunoassay
immunochem
immunogenet
immunohistochem
immunol
immunology,
immunome
immunopathol
immunopharmacol
immunother
immunotoxicol
imnc
imoc
impot
improv
imr
ims
ims3tw
imsa
imsaa
imsccs
imtci
imvip
imw
imws
imycs
inap
inbs
incc
incemic
incob
incos
indagat
india
indian
indiana
indic
indicon
indin
indiv
individ
indo
indocrypt
indones
inds
induscon
indust
industriels
inec
inecce
inequal
ines
inet
inetbib
inex
infanc
infec
infectol
inffus
inflamm
infocom
infor
informat
informaticalt
informaticasi
informatik
informations
infos
infoscale
infoseccd
infovis
infrar
infrastruct
infsof
infus
infusionstherapie
ing
ingenieurw
ings
inhal
inhib
inica
inista
inj
inlg
inm
inmic
inmmic
innov
innovat
inorg
inorgan
inq
inrec
inria
inscrypt
insectes
insectology
insk
insp
inss
institut
instrum
insul
insula
insur
int.
integr
integrat
intel
intelec
intell
intellcomm
intens
intera
intercult
interdiscip
interdiscipl
interdisciplin
intergroup
interlend
intermag
intermed
interna
internano
internationale
interne
interop
interpers
intersense
interspeech
interv
interven
intervent
interwencyjnej
intetain
ints
inv
invas
invertebr
investig
inw
inz
iolts
iopads
iot
ipas
ipaw
ipc
ipcc
ipccc
ipco
ipcv
ipdi
ipdps
ipdps(ipps)
ipds
ipec
ipemc
ipfa
ipgc
ipin
ipl
ipm
ipmc
ipmhvc
ipmi
ipmm
ipom
ipsn
ipss
ipta
iptc
iptps
iqec
iral
iran
ircdl
irel
irep
iri
irish
irma
irmmw
ironmaking
iros
irp2pn
irps
irrig
irs
irsse
irtaw
irw
is&n
is/ki
isa
isa/ieee
isaac
isabel
isac
isads
isaf
isap
isape
isas
isatp
isauhc
isb
isbast
isbim
isbms
isbra
isc(isw)
isca
iscapdcs
iscas
iscc
isccs
isccsp
isce
isci
iscid
isciii
iscis
iscn
iscnz
iscon
iscope
iscs
iscsct
iscslp
iscv
isd
isda
isdb
isdea
isdeiv
isdl
isdpe
isdrs
isec
isecs
ised
iseee
isefs
isei
iseim
iseima
isem
iser
isese
isesee
isess
isf
isgt
ishls
ishpc
isi
isic
isica
isict
isidf
isie
isiea
isij
isim
isimp
isip
isipta
isise
isit
isita
isitae
isitc
isiu
isiwi
isj
iske
isko
islam
islc
islped
isma
ismar
ismb
ismda
isme
ismict
ismir
ismis
ismm
ismss
ismvl
ismw
isncc
isne
isninc
isnn
isocc
isokinet
isola
isooms
isorc
isorcw
isot
isotas
ispa
ispacs
ispan
ispass
ispaw
ispcs
ispd
ispdc
ispe
ispec
isplc
isprs
isps
ispsd
isqed
isr
israel
isrcs
isrr
iss
issa
issac
issads
isscaa
isscc
isscs
isse
issep
issled
issls
issmdbs
issnip
isspa
isspit
issre
isss
issse
issst
issta
isswas
ist
istar
istas
istc
istcs
istdm
isuc
isuvr
isvc
isvd
isvri
isw
iswc
iswcs
iswpc
iswrep
isws
ita
itab
itaic
itap
itbm
itc
itcc
itcom
itcs
ite
itea
itee
itherm
ithet
iti
iticse
itiis
itl
itmc
itme
itng
itnw
itre
itsc
itsim
itssa
itst
itu
itve
itw
iuc
iuce
iui
iuk
ius
ivc
ivcnz
ivec
ivesc
iveva
ivic
ivmc
ivme
ivmspw
ivnc
ivs
ivtta
iwac
iwaca
iwaci
iwads
iwagpr
iwai
iwaise
iwalt
iwan
iwann
iwar
iwasi
iwat
iwbp
iwbrs
iwc
iwcc
iwce
iwcf
iwcfta
iwcia
iwcld
iwcm
iwcmc
iwcr
iwdc
iwdh
iwdm
iwdom/oodbs
iwdw
iwem
iwfm
iwgi
iwic
iwicpas
iwicss
iwinac
iwipp
iwips
iwjt
iwlr
iwls
iwmc
iwmse
iwna
iwnas
iwomp
iwota
iwpec
iwpsd
iwpse
iwpt
iwqos
iwridl
iwrt
iws
iwsca
iwscn
iwsda
iwsec
iwsm
iwsoc
iwsos
iwspm
iwssc
iwssd
iwuc
iwuwbs
iwvdvt
iwvf
iwwan
izv
j.ucs
jacc
jaciii
jacm
jae
jafib
jagdwiss
jagdztg
jahrb
jahresbericht
jaids
jair
jais
jal
jalc
jama
jamds
jancl
jardin
jaro
jas
jasis
jasss
jat
javma
javnost
jbcb
jbcs
jbi
jbidi
jbis
jbmr
jbs
jcai
jcal
jcamd
jcap
jcb
jcc
jcd
jcdcg
jcdkb
jcdl
jcisd
jcise
jcit
jckbse
jcm
jcmc
jcn
jcns
jco
jcp
jcpc
jcr
jcs
jcsc
jcss
jcsse
jcst
jda
jdim
jdiq
jdm
jea
jeab
jecr
jei
jelia
jetai
jetc
jetcas
jetp
jfla
jflp
jfp
jfplc
jfr
jgaa
jgt
jhsn
jifs
jiis
jiisic
jikm
jilp
jim
jips
jirs
jisbd
jise
jissec
jit
jite
jktr
jlp
jmiv
jmlc
jmlr
jmm
jmma
jnca
jnopm
jns
jnsm
jnt
jnw
jobim
joc
jocch
jocn
jodi
jodl
jods
jognn
jola
jolli
jolpe
joop
joss
jpc
jpdc
jphotov
jpl
jpn
jql
jsa
jsac
jsae
jsat
jsc
jsi
jsme
jsps
jss
jsspp
jsw
jsyml
jtaer
jtres
judgm
jugendpsychiat
jugoslav
jung
jura
jurix
jurse
jussieu
juv
jva
jvca
jvcir
jwe
jwsr
kais
kam
kans
kant
kaohsiung
kardiol
kardiyol
karst
kbs
kdd
kdecb
kdex
kdid
kdxd
kelsi
kennedy
ker
kes
kesamsta
kese
keynesian
kgc
khim
kimas
kinderheilk
kindh
kinemat
kinesiol
kinet
kinetoplastid
kivs
kjmw
klass
kleintierprax
klin
kmn
kninvi
knowl
knowright
kodai
koedoe
kognit
kognitive
kolner
komplementmed
kona
kong
konvens
kor
korea
korean
korus
kovove
krdb
kristallogr
kriterion
krmed
ksce
kse
ksem
ktsc
kurortmedi
kyoto
kyushu
l'en
labor:
laboratoriumsmedizin
labour
lacl
lact
ladc
ladcw
laegeforen
landbauforsch
landf
landsc
lang
langenbecks
lanka
lanman
lanmr
lanoms
laparosc
lapc
laptec
lars
laryngo
laryngol
lascas
lata
latin
latincom
latino
latinoam
latinoamer
latw
lcc
lcn
lcpc
lcr
lctes
lcw
lds
ldv
lebedev
lec
lechpd
lect
leeuwenhoek
lege
legis
leiden
leits
lek
lepr
lescope
lett
lett.
leuk
leuvense
lex
lexicogr
lfa
lfcs
lfnm
lfp
lgdi
lias
libr
libt
libyan
lics
lightsec
lightwave
lili
limnol
lincei
lindi
linguistique
linn
lipidol
liposome
lisa
lisat
listy
lith
lithol
lkr
lmcs
lmo
lmsa
lncs
lnla
lobjet
loca
localis
log.
logcom
login
logist
logistiqua
logop
logopaed
loisir
lomaps
lond
london
london.
longev
loplas
lopstr
louvain
lpar(rclp)
lpd
lpe
lpkr
lpnmr
lpss
lre
lrec
lsgrid
lsms
lssc
ltimc
ltse
lubr
lubric
luft
luminesc
luso
lwa
lwt
lymphat
m&som
m2rsm
m2vip
m3as
maamaw
mabs
macrocycl
macroecon
macromol
madnes
madrid
mag.
magn
magnes
mai
mak
makromol
mal
malacol
malar
maloinwaz
malware
mamm
mammo
mamus
manag
manch
manip
manuf
manuscr
mapan
mape
mapp
marit
massa
massur
mata
materia
materialwiss
matern
math.
mathematiker
maxillo
maxillofac
mbd/mompes
mbe
mbse
mbui
mcam
mccr
mcdm
mcetech
mci
mcit
mcmc
mcn
mco
mcs
mcse
mcsul
mcta
mcte
mcu
mcwc
mda
mdafa
mdai
mdcm
mdeis
mdic
mdm
mdm(mda)
mdmw
mdsp
mec
mecap
mecbme
mech
mechanobiol
medea
medes
mediacom
mediat
medica
medicale
medinfo
medisch
medit
mediterr
medivis
megaguss
mekh
melecon
melus:
mem
membr
membrany
memea
memia
memocode
mems
mems/moems
memstech
mendeleev
menninger
mens
ment
mep
mepcon
merrill
mesoca
mesomech
mesoporous
mespp
metab
metabol
metacognition
metall
metallk
metallogr
metalloved
metalurgia
metamat
metamorph
metast
metastas
meteorit
meteorol
meth
methodol
metmbs
mex
mexican
mexico
mfcs
mfdbs
mfi
mfs
mgdete
mhs
mhvr
miaca
miame
miar
micai
micc
miccai
mich
micol
microanal
microb
microbio
microbiol
microbiolog
microchem
microcolumn
microdevices
microelectromechanical
microelectron
microencapsul
microengineer
microfluid
microgravity
micromechanic
micropalaeontol
micropaleontol
microporous
microprobe
microrad
microsc
microscale
microstruct
microsurg
microsyst
microvascular
microw
middleware(odp)
mie
miel
migr
mikon
mikrochir
milan
milbank
milchwissenschaft
milcom
milim
milit
millim
mimi
minar
minenet
mineralog
minerva
mipro
mips
mira
mirrorbot
mis
mise
misq
misqe
mit
miv
mixdes
mkg
mkt
mlcw
mldm
mlg
mlmi
mlmta
mlq
mlsp
mlss
mm&sec
mmas
mmb
mmbia
mmdbms
mmedia
mmet
mmgps
mmica
mmit
mmm
mmnet
mmns
mms
mmse
mmsp
mmwatt
mnnfs
mnrao
mnras
mnrc
mnst
mobiarch
mobicom
mobide
mobihoc
mobilware
mobimedia
mobiquitous
mobisys
mobiwac
mochart
moct
modelling
modeva
modevva
modif
modre
modsym
mokslas
mol
molec
mollus
momm
mompes
momuc
mon
monatsbl
monatsh
monatsschr
monet
monit
monogr
mor
morp
morphol
mosc
mosk
motil
motiv
mouvement
movep
movpe
moz
mpc
mpcs
mpeg
mpidc
mppm
mppoi
mrc
mrco
mrcs
mri
mrrs
mrs
msa
msan
mscs
mse
msie
msmw
msn
mso
msr
mss
mst
msv
mswim
mta
mtags
mtdt
mtehbe
mtol
mtsr
mtt
mtttwa
mtv
mtw
muc
mucosal
mue
mult
multi
multibody
multicult
multidimension
multidiscip
multilinear
multiling
multilingua
multiphase
multiresolut
multiscale
multitemp
mund
mundi
munic
muscoskel
musculoskelet
musik
mut
mutat
mva
mvhi
mview
mvip
mvl
mwcn
mwp
mws
mwscas
mycobact
mycol
mycologie
mycrypt
myeloma
myol
myrmecol
naacl
nabic
nachr
naecon
nafips
nagoya
nahrung
namw
nano
nanoarch
nanobiosci
nanobiotechnol
nanoeng
nanofluid
nanomater
nanomed
nanonet
nanopart
nanophotonics
nanoscale
nanosci
nanostr
nanostruct
nanotechnol
nanotub
napmrc
nar
narrat
nas
nat
nato
natur
naturforsch
natw
nauk
naunyn
nav
navar
navig
navitec
nber
nbis
nca
ncc
ncetacs
nci
ncis
ncm
ncoiet
ndcs
ndjfl
ndsp
ndss
ndt
nebec
nec
neco
ned
nederlandse
neerl
negat
negl
negot
nematol
nems
neonatol
neonatologie
neoplasi
neotrop
nephrol
nephrology
nephron
nerv
neta
netapps
netcod
netcom
netgames
neth
netuwb
netw
neue
neues
neurel
neuro
neuroanat
neurobiol
neurochem
neurochir
neurocrit
neurocytol
neurodegener
neurodev
neurodynamics
neuroendocrinol
neuroeng
neurogastroenterol
neurogenet
neuroimaging
neuroimmune
neuroimmunol
neuroinflamm
neurol
neurolinguist
neurologia
neurologique
neuromol
neuromuscular
neuropathol
neuropharmacol
neurophysiol
neurophysiologie
neuropsych
neuropsychiatr
neuropsychol
neuropsychopharmacol
neuroradiol
neurorehabil
neuros
neurosc
neurosci
neuroscience
neurosciences
neurosurg
neurother
neurotol
neurotox
neurotoxicol
neurotrauma
neurourol
neurovasc
neurovirology
new2an
newcas
newsl
newslett
nf2
nfc
nfd
nfsi
ngc
ngi
ngits
ngmast
nhsa
nicrsp
nime
nis
niss
nitric
nitride
njas
njc
nldb
nlg
nlo
nlp
nlulp
nmdc
nmelp
nmr
nnat
nnsp
nocs
nodea
nolisp
noms
nondestruct
nonparametr
norchp
nord
nordichi
noropsikiyatri
norsig
norsk
norske
northc
nossdav
notere
notfall
notic
nouv
nov
novi
novit
novos
npar
npc
npiv
npl
npsec
nsdi
nsemc
nsf
nsip
nspw
nsrc
nss
nsspw
nsw
nswctc
ntc
ntms
nucl
nucleos
nucleot
nuklearmed
numen
numer
nuncius
nuovo
nurs
nusod
nutr
nutraceutical
nutrigenet
nutrigenomics
nutz
nvsmw
nwesp
obes
obpdc
obshch
obstet
occbio
occup
oceanogr
oceanol
ocul
odonatol
odontol
odrl
ods
oecc
oeccacoft
oecd
oecol
oecon
ofc
ofs
oftalmol
oggi
ohan
ohio
oir
okean
omics
omnvis
omods
onc
oncase
oncogenesis
oncol
onderstepoort
ondm
onkol
ontoract
oods
oois
oopsla
oopsm
opee
oper
operat
ophtalmol
ophthal
ophthalmol
opin
opnarc
opnetec
opodis
oppos
optim
optimiz
optimizat
opto
optoelectron
optom
optomechatronics
organisationspsychol
organomet
organometal
orij
orl
ornam
ornithol
ornitol
orofac
orphanet
orthod
orthodont
orthop
orthopade
orthopaed
orthoped
orthopsychiat
orthotics
ortop
osaka
oscil
osdi
oss
ossc
osteoporos
ostomy
oswaldo
otjr
oto
otol
otolar
otolaryngol
otolaryngology
otology
otorhinolaryngol
otorhinolaryngology
ovciso
owled
oxf
oxid
oxidat
oxidative
ozchi
p2p
p2pkm
paa
paap
paapp
pab
pac
pacc
paccs
paciia
packag
pacmed
pacrim
pacs
padago
padagog
padiat
padl
pado
padova
paedagog
paediat
paediatr
pahce
paia
paisi
paj
pak
pakdd
pakistan
palaeobot
palaeoclimatol
palaeogeogr
palaeont
palaeontol
palaontol
paleolimnol
paleontol
paleontologia
palestine
palevol
palliat
palynol
pami
panam
parallel,
parasitol
parbase
parcella
parco
paris
parkinsonism
parle
parma
pasco
pasteur
patat
patho
pathog
pathol
pathophysiol
patient:
patmos
paul
paulo
pavl
pawr
pbg
pbmcv
pccon
pci
pcic
pcmdls
pcrcw
pcs
pcspa
pdc
pdcat
pdcn
pdcs
pdis
pdk
pdln
pdpta
pdse
pdsw
peche
peci
pecon
ped
pedagog
pedes
pedg
pediat
pediatr
pediatrie
peds
pedstc
peew
peits
pelvi
pemwa
pennsylvania
peoco
pepm
pept
peptide
peptides
percept
percom
percutan
perfusion
periglacial
perinat
perinatol
periodontol
perioperat
peripher
periton
perkin
pers
pers.
personalforsch
perspect
pervasivehealth
pes
pesafr
pesc
pess
pestic
pesw
petersb
petra
pfhsn
pflanz
pflanzenkr
pflanzensch
pflugers
pgm
pgmtt
pharm
pharmaceut
pharmacodyn
pharmacoepidemiol
pharmacogenet
pharmacogenomics
pharmacogn
pharmacok
pharmacokinet
pharmacol
pharmacother
pharmacotherapy
phealth
phil
phila
philipp
philos
phm
pho
phon
phonet
phoniatr
photobiol
photochem
photodermatol
photodiagnosis
photodyn
photoenergy
photogramm
photoimmunol
photomed
photonic
photonics
photopolym
photosynth
photovoltaics
phronesis
phthalocya
phycmp
phycol
phycon
phylogenet
physica
physico
physik
physiol
physl
phytochem
phytol
phytopathol
phytoremediat
phytother
pid
pieee
pigm
pik
pimrc
pineal
pisa
piscat
piscic
pjw
pkaw
pkc
pkdd
plann
planta
planx
plasm
plasmas
plast
platin
plc
pldi
pli
plilp
plos
plpv
plt
pma
pmaps
pmc
pmcvg
pmla
pmm
pmmpc
pnas
pneumol
podc
podp
poe
poincare
polic
polimeros
polit
politeh
pollut
polycycl
polym
polynesian
polytech
polytronic
pomc
popl
popul
porphyr
pos
posta
postep
postgrad
postharvest
poult
pov
powd
powercon
powereng
poweri
poznan
ppc
ppdp
ppeals
ppic
ppid
ppl
ppopp
pppj
ppsc
ppsn
prac
pract
praehist
prag
pragmat
prague
pragweb
prakt
pramana
pratique
praventivmed
prax
prdc
precambrian
prehist
prehosp
premi
preserv
prev
prfts
prib
pricai
prima
primatol
primeasia
princip
prl
prmnet
prni
probab
probl
proc
procce
proced
procedia
procomet
profes
profess.
prog
progr
proj
prolamat
promas
promot
prooftexts
propag
propagat
propul
prostag
prostagland
prostatic
prosthet
prosthodont
prot
proteolysis
proteome
proteomics
protistol
protoc
protozool
provsec
prrs
prs
prttc
prz
psc
psd
pses
psico
psicol
psicopatol
psikiyatr
psiquiatr
psivt
psn
psp
psse
psss
pst
pstv
psy
psyc
psychanal
psychiat
psychiatr
psychoanal
psychobiol
psychoeduc
psychogeriatr
psychol
psycholinguist
psychology:
psychonomic
psychopathol
psychopharm
psychopharmacol
psychophys
psychophysiol
psychosoc
psychosom
psychothe
psychother
ptc
ptgmtt
publ
publica
publicatio
publius
puc
puk
pulawy
pulm
punishm
pur
purif
purificat
purinergic
purp
pvg
pvldb
pvm/mpi
pvsc
pyrol
pyrotech
qbsc
qcqc
qdb
qels
qest
qirt
qjm
qme
qofis
qomex
qos
qosa
qsar
qsepds
qshine
qsic
quaest
qual
quant
quat
quatern
quaternary
quatic
questa
quim
r&a
r&d
raad
rada
radecs
radiat
radioact
radioanal
radiochemistry
radiochim
radioelektr
radioelektronika
radiol
radiopharm
radiophys
radiother
rae
rairo
raken
raman
ramanujan
rangel
rangeland
ranlp
rapcon
ras
rast
ratfg
rawcon
rbcf
rbm
rcc
rcis
re@runtime
reactiv
reactome
reanim
rebse
rec.
recept
rech
rechner
rechtsgeschiedenis
recognit
recomb
reconfig
reconstr
recosoc
recsys
recycl
redox
reduct
redw
reet
refmod
refrig
refsq
refug
reg6
regen
regist
regul
reh
rehabil
reine
reinf
reinhalt
rejuv
rela
relat
relativ
relaw
relia
reliab
relig
religio
relmics
remediat
remot
rendus
renin
repa
reparat
repc
reprod
reprogramm
resc
reserv
resolut
reson
resour
respir
ress
restaur
restaurator
restor
restoration:
resusc
ret
retin
rettungsmed
revstat
rex
rfic
rfid
rfideurasia
rfit
rfm
rheol
rhetor
rhetorica
rheumatol
rhinol
rhum
riao
riga
riiss
risp
rissp
rita
rivf
rmcae
rml
rmp
rna
robio
robocomm
robocup
robvis
rocai
rocs
rodin
roedunet
roentgenol
rofo
rom
romoco
roum
roy
rpbfmp
rrs
rsa
rsctc
rseisp
rsete
rsfdgrc
rskt
rsp
rss
rstscc
rta
rtas
rtcdc
rtcsa
rtdb
rtoss
rtp
rts
rtse
rtss
ruleml
rundsch
ruralis
russ
russell
russian
rweb
rws
s&e
s&p
saahpc
sab
saci
sacmat
sadfe
sadhana
sadpi
sae
saf
safecomp
sagt
sahara
sahcnw
saicsit
saig
salud
sam
sami
samj
samos
sampe
samt
sandw
sanit
sante
sao
sapir
sar
sara
sarcoidosis
sarnof
sas
sas(wsa)
sasn
saso
sasp
satell
saud
saude
saudi
sbac
sbb
sbbd
sbcars
sbgames
sbia
sbim
sbmo
sbrn
sbs
sbsc
sca
scai
scalcom
scalpello
scamc
scand
scandinavica
scangis
sccc
scesm
schadlingskd
schadstoff
schizophr
scholarsh
schweiz
scie
sciences:
scima
scis
scjapan
scl
scler
scm
scn
sconest
scot
scott
scp
scr
scripta
scs
scsc
scss
scvma
scvt
scw
sde
sdemped
sdg
sditas
sdl
sdm
sdmw
sdne
sdr
sdsoa
seaa
sebd
secon
secperu
secrypt
secse
sectech
secur
securecomm
securware
sedc
sede
sedep
seeup
sefm
sehc
seikei
seismol
seke
sel
selfman
selmas
sem
semant
semapro
semergen
semicond
semiconduct
semimet
semin
semwiki
sensorcomm
sensordevices
sensors,
sensys
sep
separ
sepcase
sequen
ser
serb
serp
serv
sesaw
sespsde
sess
seta
setn
setp
seuh
seus
sfp
sgp
shark/adi
shigen
shpcc
shuser
siads
siam
siamam
siamcomp
siamdm
siamjo
sib
sibcon
sibgrapi
sibircon
sice
sicherheit
sicici
sicon
siecle
siecpc
sieds
sies
sigact
sigada
sigal
sigart
sigbdp
sigcomm
sigcpr
sigcse
sigdial
sigdoc
sigforth
siggraph
sigir
sigite
siglex
sigmap
sigmetrics
sigmod
sigmultimedia
signos
sigops
sigplan
sigsmall/pc
sigsoft
sii
siit
siitme
silic
silva
silvae
sim
simiolus
simpra
simul
simulat
simutools
simvis
sinai
singap
sinica
sinobiometrics
sinter
sipew
sipnn
sirf
sisap
sispad
sist
sisy
sitis
siu
skg
sloan
slogica
slov
slovaca
sls
slsfs
slt
sm2acd
sma
smap
smartgridcomm
smartnet
smbv
smc
smcals
smcia
smps
smr
sms
smt
smtw
snapi
sneps
snpd
snsc
snw
soas
soca
socase
socc
socg
socialcom
sociale
societes
socinfo
socio
sociobiol
sociol
socioling
sociolog
soco
socpar
sofe
sofm
sofo
sofsem
softcom
softvis
softw
software/iee
soi
soldagem
soli
solida
soliton
solsen
solut
somat
somatosens
somet
somnologie
sonet
sonochemistry
sopo
sopr
soqua
sose
sosp
sossoi
sosym
sotsiol
southc
southeastcon
soz
sozial
sozialpsychol
soziol
sozpsychol
spaa
spacecr
spacomm
spatio
spawc
spawda
spc
spcmtt
spcom
spdece
spdp
spdt
spe
speciation
spect
spectr
spectrochim
spectrom
spectrometry
spectros
spectrosc
speculum
speedam
spektrum
speleol
spi
spiritus
spl
splc
splst
spons
sportpsychol
sportschaden
sportsmed
sportverletz
sprache
sprachwiss
springer
springsim
spsc
sqj
srds
sri
srii
srp
srs
ssap
ssbi
ssbse
ssc
ssd
ssdbm
ssiri
ssme
ssmsd
ssp
sspr
sspra
ssr
ssrr
sss
sssaj
ssst
sswmc
stabil
stacs
standardview
stata
statist
stdbm
stds
steelmaking
steklov
stereotact
steril
stfssd
stier
stiint
stil
stimul
stoc
stoch
stoffwechs
stomatol
storagess
stp
strab
strahlenther
strat
strateg
stratigr
stringology
strojniski
strqa
struc
struct
stt
sttt
studia
stvr
stysw
subst
subtro
supercond
superconduct
supercrit
supergen
superhard
superlattice
supramol
sur
surfactants
surg
surv
sutc
svg.open
svm
svr
swdb
swiss
swod
sws
swste
swws
syben
symb
symp
symplectic
sympol
symposia
symsac
synasc
synchrotron
syndr
synth
synthet
syrcodis
sys
syscon
syst
systems,
systol
t2fuzz
t4e
taai
taal
taas
tacas
taccess
tacs
tagt
taicpart
tainn
taiwan
tal
talg
talip
tamc
tamodia
tapd
tapos
tappi
tapsoft
tark
tase
tasl
taslp
taxon
tbillc
tcac
tcad
tcbb
tcc
tcgov
tchpht
tcob
tcom
tcpmt
tcs
tcsb
tcset
tcsv
tdb
tdm
tdr
tdsc
tdscen
teaa
tec
techn
technik
techniq
technol
techpos
techsym
tecnol
tecs
tedc
tefse
tele
telecare
telecommun
telemed
telerilevamento
telescon
tellus
telsiks
telsys
tencon
tenside
teologiese
tepra
tera
teratogen
teratol
terramech
tes
tesol
testcom
tetsu
tex
texcon
texcra
texto
tfais
tfcv
tfm
tfs
tfsa
tft/ctft
tgc
tgis
th0398
theatlantic
theo
theologica
theor
theoria
ther
therap
therapeut
theriol
therminic
thermo
thermochim
thermodyn
thermophys
thermoplast
thorac
thromb
thrombolysis
thz
tidse
tidsskr
tieraerztl
tieraeztl
tierarztl
tierheilkd
tierzucht
tijdschr
tijdschrift
tis
tisc
tissec
titb
tiwdc/esav
tjs
tkdd
tkde
tke
tlca
tldi
tlt
tmc
tmfcs
tmi
tmm
tmra
tnc
tob
toce/jeric
tochi
tocl
tocs
toct
todaes
tods
tohoku
tois
toit
toksikol
tokyo
tomacs
tomccap
tomogr
toplas
topogr
topoi
topol
torrey
tos
tosem
tosn
tox
toxico
toxicol
tpami
tpcd
tpcg
tpds
tphols
tplp
tppp
tpsd
trabajos
trac
tradit
traditio
trak
trames
trans.
transboundary
transcult
transduct
transf
transfus
transm
transnat
transp
transpl
traum
traumatol
trav
trec
trecvid
treds
treds/usm
trets
tribol
tribology
tricom
tridentcom
trob
trop
trustbus
tsd
tsdm
tse
tsi
tslp
tsmc
tsmca
tsmw
tthz
ttm
tuberc
tumordiagn
tunn
turb
turbomach
turbul
turc
turk
turkderm
tvcg
twc
tweb
uai
uais
ubicomm
ubicomp(huc)
ubimob
uch
ucla
ucs
udm
uepg
ugim
uhf
uhin
uhod
uia
uic
uidis
uist
ukci
ukiwcws
ukmas
ukr
uksim
ulis
ulpaa
uls
ultraschall
ultrason
ultrastruct
ultravis
umc
umeni
uml
umsch
umuai
umwelt
umweltwissenschaften
unconv
und
undergr
underserve
underst
unesco
unfallchir
uni/iist
unione
universitatis
unix
unserer
upec
upinlbs
upp
upsal
ural
urke
urodynam
urogynecol
urol
urologic
urrj
ursi
usab
usenix
userest
usits
usp
ussr
util
utp
uust
uwbsp
uwbusis
vadose
vaisseaux
valuetools
vamos
varst
vasa
vasc
vascul
vbc
vchci
vcip
vcon
vdb
vdmb
vecims
vecpar
vee
veh
velazquez
venereol
verwaltung
vestibul
vestn
viator
vib
vide
vierteljahresschr
vietcrypt
viewp
viip
vims
vingtieme
vip
virol
viruse
vis
visapp
vissas
vissoft
vissym
vitam
vitaminol
vitro
viuf
vizsec
vl/hcc
vlaams
vlbv
vlc
vldb
vldbw
vlsi
vlsic
vlsisp
vlsit
vlsm
vmcai
vmic
vmv
vnc
vnis
vocat
vocology
voipms
volcanol
volkenkunde
volkenrode
volunt
volvis
voor
voss
vox
vpad
vppc
vpwj
vrcai
vrst
vsmm
vspets
vss
vst
vstte
vtc
vtdc
vts
vvg
vvs
vyss
vyssh
w2gis
w4a
waa
wabi
wac
wacc
wacg
waci
wacv
wadas
wadt
wadt(adt)
wae
waf
waga
waifi
waim
walcom
waltd
wamicon
waoa
wapcv
warsaw
warsd
wasa
waspaa
wasserbewirtsch
waterw
waw
wbd
wbe
wbir
wbl
wcacem
wcae
wcc
wcce
wcci
wce
wcecs
wcflp
wcica
wcii
wclp
wcmeb
wcnc
wcncw
wcnis
wcpec
wcre
wcsn
wcsp
wcss
wcw
wdas
wdd
wdfia
wea
weah
web3d
webdb
webist
webmedia
webmine
webnet
wec
wecwis
wedelmusic
welcom
welf
weltwirtschaftl
wer
werkstofftech
wes
wescan
wetice
wetl
weworc
wfcs
wflp
wfopc
wg7.2
wg8.2
wg8.3
wg8.5
wg9.6
wgec
wharton
whc
whcm
whnc
whp
whpcf
wiad
wiamis
wiapp
wias
wicom
wicon
wicsa
wideochirurgia
widm
wien
wiess
wifs
wift
wiiw
wikis4se
wildl
wildland
wiley
wilf
wilson
wimaw
wimbi
wimesh
wimob
winc
winet
winsys
winterthur
wio
wiopt
wirel
wiri
wirles
wirn
wirtsch
wirtschafts
wisa
wisec
wisi
wism
wisnet
wistdcs
wistp
witasi
wivc
wiw
wkdd
wkshps
wksp
wlp
wman
wmash
wmc
wmc/wmp
wmcs
wmcsa
wmed
wmpi
wmso
wmsvm
wmte
wmute
wmvc
wmwa
wnis
wnsp
wnwec
wnyipw
woa
wob
woc
wocc
wocfai
wochenschr
wocn
woda
wodes
wofe
wollic
wolte
womens
womm
wompat
wons
wopplot
worldcomp
wosar
wosp
wosq
woss
wosspa
wowmom
wpdd
wpdrts
wpes
wpmc
wpnc
wptmt
wqv
wrac
wsa
wsc
wscad
wscg
wscs
wsdm
wse
wseas
wsfm
wsks
wsmai
wsna
wspi
wss
wst
wstfeus
wts
wuauc
wuhan
wvm
wwca
wwic
wwv
www
www(poster)
wwwj
xime
xli
xmidx
xml
xmlsec
xps
xrds
xsw
xsym
yakugaku
yale
yonsei
yorks
zairyo
zamm
zamp
zasshi
zav
zbl
zdr
zdrav
zeit
zeitschrift
zhejiang
zif
zkg
zmp
zool
zoologica
zoonoses
zootec
zootech
zootecn
zum
zurich